0 ffffff90 acos
0 ffffff93 ceil
0 ffffff94 floor
0 ffffff95 sqrt
0 ffffff96 atan2
0 ffffff97 cos
0 ffffff98 sin
0 ffffff99 strncpy
0 ffffff9a memcpy
0 ffffff9b memset
0 ffffffa1 trap_R_AddPolyBufferToScene
0 ffffffa2 trap_getCameraInfo
0 ffffffa4 trap_startCamera
0 ffffffa5 trap_loadCamera
0 ffffffae trap_S_StopLoopingSound
0 ffffffaf trap_S_AddRealLoopingSound
0 ffffffb0 trap_R_RemapShader
0 ffffffb8 trap_SnapVector
0 ffffffc0 trap_Key_GetKey
0 ffffffc1 trap_Key_SetCatcher
0 ffffffc2 trap_Key_GetCatcher
0 ffffffc3 trap_Key_IsDown
0 ffffffc5 trap_MemoryRemaining
0 ffffffc6 trap_R_RegisterShaderNoMip
0 ffffffc7 trap_SetUserCmdValue
0 ffffffc8 trap_GetUserCmd
0 ffffffc9 trap_GetCurrentCmdNumber
0 ffffffca trap_GetServerCommand
0 ffffffcb trap_GetSnapshot
0 ffffffcc trap_GetCurrentSnapshotNumber
0 ffffffcd trap_GetGameState
0 ffffffce trap_GetGlconfig
0 ffffffcf trap_R_LerpTag
0 ffffffd0 trap_R_ModelBounds
0 ffffffd1 trap_R_DrawStretchPic
0 ffffffd2 trap_R_SetColor
0 ffffffd3 trap_R_RenderScene
0 ffffffd4 trap_R_AddLightToScene
0 ffffffd5 trap_R_AddPolyToScene
0 ffffffd6 trap_R_AddRefEntityToScene
0 ffffffd7 trap_R_ClearScene
0 ffffffd8 trap_R_RegisterShader
0 ffffffd9 trap_R_RegisterSkin
0 ffffffda trap_R_RegisterModel
0 ffffffdb trap_R_LoadWorldMap
0 ffffffdc trap_S_StartBackgroundTrack
0 ffffffdd trap_S_RegisterSound
0 ffffffde trap_S_Respatialize
0 ffffffdf trap_S_UpdateEntityPosition
0 ffffffe0 trap_S_AddLoopingSound
0 ffffffe1 trap_S_ClearLoopingSounds
0 ffffffe2 trap_S_StartLocalSound
0 ffffffe3 trap_S_StartSound
0 ffffffe4 trap_CM_MarkFragments
0 ffffffe5 trap_CM_TransformedBoxTrace
0 ffffffe6 trap_CM_BoxTrace
0 ffffffe7 trap_CM_TransformedPointContents
0 ffffffe8 trap_CM_PointContents
0 ffffffe9 trap_CM_TempBoxModel
0 ffffffeb trap_CM_InlineModel
0 ffffffec trap_CM_NumInlineModels
0 ffffffed trap_CM_LoadMap
0 ffffffee trap_UpdateScreen
0 ffffffef trap_SendClientCommand
0 fffffff0 trap_AddCommand
0 fffffff1 trap_SendConsoleCommand
0 fffffff2 trap_FS_FCloseFile
0 fffffff3 trap_FS_Write
0 fffffff4 trap_FS_Read
0 fffffff5 trap_FS_FOpenFile
0 fffffff6 trap_Args
0 fffffff7 trap_Argv
0 fffffff8 trap_Argc
0 fffffff9 trap_Cvar_VariableStringBuffer
0 fffffffa trap_Cvar_Set
0 fffffffb trap_Cvar_Update
0 fffffffc trap_Cvar_Register
0 fffffffd trap_Milliseconds
0 fffffffe trap_Error
0 ffffffff trap_Print
0        0 vmMain
0       8b CG_RegisterCvars
0       fa CG_ForceModelChange
0      125 contains
0      155 UpdateWeaponOrder
0      29b CG_UpdateCvars
0      397 CG_CrosshairPlayer
0      3a8 CG_LastAttacker
0      3b9 CG_Printf
0      3d2 CG_Error
0      3eb Com_Error
0      404 Com_Printf
0      41d Com_DPrintf
0      43a CG_Argv
0      45f CG_RegisterItemSounds^0
0      4fc CG_RegisterSounds^0
0      9ff CG_Register2D^0
0      a9e CG_MenuCache^0
0      b55 CG_IconCache^0
0      c3a CG_PowerupCache^0
0      d56 CG_TeamCache^0
0      db9 CG_WeaphitsCache^0
0      e40 CG_GibsCache^0
0      ec5 CG_WeapMisc^0
0      ff4 CG_ItemCache^0
0     1032 CG_ModelCache^0
0     10a9 CG_PlayerCache^0
0     1156 CG_RegisterGraphics^0
0     11b0 CG_BuildSpectatorString
0     1202 CG_RegisterClients^0
0     1249 CG_ConfigString
0     126e CG_StartMusic
0     12a2 CG_InitGLConfig^0
0     1324 CG_Init
0     152a CG_Shutdown
0     152d CG_EventHandling
0     1530 CG_SetScoreCatcher
0     15c2 CG_KeyEvent
0     15e2 CG_MouseEvent
0     162d swapfunc^1
0     16b4 med3^1
0     1747 qsort
0     1afa strlen
0     1b15 strcat
0     1b4f strcpy
0     1b7b strcmp
0     1bb7 strchr
0     1be7 strstr
0     1c35 tolower
0     1c4d tan
0     1c64 rand
0     1c7a atof
0     1d3b atoi
0     1db3 abs
0     1dcc fabs
0     1de5 BG_FindItemForRune
0     1e1e BG_FindItemForPowerup
0     1e65 BG_FindItemForHoldable
0     1ea1 BG_FindItemForWeapon
0     1ed8 BG_PlayerTouchesItem
0     1f32 BG_CanItemBeGrabbed
0     207c BG_EvaluateTrajectory
0     22b6 BG_EvaluateTrajectoryDelta
0     240e BG_AddPredictableEventToPlayerstate
0     2451 BG_TouchJumpPad
0     24be BG_PlayerStateToEntityState
0     26a3 replace1
0     26dd BG_StripColor
0     2736 hex2dec^2
0     27bc DecodedString
0     28a8 Q_stristr
0     2909 BG_CleanName
0     2a14 Q_stradd
0     2a47 Q_strlen
0     2a66 AddInt^2
0     2b41 AddFloat^2
0     2c56 AddString^2
0     2ce8 ED_vsprintf
0     2ed8 BG_sprintf
0     2ef5 PM_AddEvent
0     2f06 PM_AddTouchEnt
0     2f5f PM_StartTorsoAnim^3
0     2f82 PM_StartLegsAnim^3
0     2faf PM_ContinueLegsAnim^3
0     2fcf PM_ContinueTorsoAnim^3
0     2fef PM_ForceLegsAnim^3
0     2fff PM_ClipVelocity
0     3070 PM_Friction^3
0     3195 PM_Accelerate^3
0     320f PM_CmdScale^3
0     32b3 PM_SetMovementDir^3
0     33d2 PM_CheckJump^3
0     3461 PM_CheckWaterJump^3
0     3545 PM_WaterJumpMove^3
0     3586 PM_WaterMove^3
0     36bf PM_FlyMove^3
0     374a PM_AirMove^3
0     37f3 PM_GrappleMove^3
0     38a1 PM_WalkMove^3
0     3ab5 PM_DeadMove^3
0     3b2c PM_NoclipMove^3
0     3c84 PM_FootstepForSurface^3
0     3c9d PM_CrashLand^3
0     3d9e PM_CorrectAllSolid^3
0     3e8d PM_GroundTraceMissed^3
0     3f26 PM_GroundTrace^3
0     409b PM_SetWaterLevel^3
0     4170 PM_CheckDuck^3
0     42be PM_Footsteps^3
0     440a PM_WaterEvents^3
0     444d PM_BeginWeaponChange^3
0     44a6 PM_FinishWeaponChange^3
0     4506 PM_TorsoAnimation^3
0     4525 PM_Weapon^3
0     485a PM_Animate^3
0     487f PM_DropTimers^3
0     4909 PM_UpdateViewAngles
0     49b7 PM_LadderMove^3
0     4ae3 CheckLadder^3
0     4b56 PmoveSingle^3
0     4e92 Pmove
0     4f54 PM_SlideMove
0     5340 PM_StepSlideMove
0     54cc CG_GenerateTracemap
0     5e6c BG_LoadTraceMap
0     6256 BG_ClampPointToTracemapExtends^5
0     62a9 BG_GetSkyHeightAtPoint
0     62e6 BG_GetSkyGroundHeightAtPoint
0     6323 etpro_FinalizeTracemapClamp
0     634e CG_AddPolyToPool^6
0     6457 CG_AtmosphericKludge
0     64ca CG_SetParticleActive^6
0     64e3 CG_RainParticleGenerate^6
0     6651 CG_RainParticleCheckVisible^6
0     66fc CG_RainParticleRender^6
0     6a50 CG_SnowParticleGenerate^6
0     6b64 CG_SnowParticleCheckVisible^6
0     6c09 CG_SnowParticleRender^6
0     6e5e CG_EffectGust^6
0     6ee4 CG_EffectGustCurrent^6
0     6fe0 CG_EP_ParseFloats^6
0     7045 CG_EP_ParseInts^6
0     70b1 CG_EffectParse
0     7391 CG_AddAtmosphericEffects
0     744d CG_TargetCommand_f^7
0     747f CG_SizeUp_f^7
0     7495 CG_SizeDown_f^7
0     74ab CG_Viewpos_f^7
0     74c3 CG_ScoresDown_f^7
0     74ef CG_ScoresUp_f^7
0     750c CG_RunesDown_f^7
0     7512 CG_RunesUp_f^7
0     7529 CG_TellTarget_f^7
0     7554 CG_TellAttacker_f^7
0     757f CG_StartOrbit_f^7
0     75c7 CG_StartCamera
0     760d CG_Camera_f^7
0     7620 CG_ConsoleCommand
0     765e CG_InitConsoleCommands
0     7711 CG_DrawField^8
0     7847 CG_Draw3DModel
0     78bb CG_Draw3DModelColor
0     79a6 CG_DrawHead
0     7a7e CG_DrawFlagModel
0     7b64 CG_DrawStatusBarHead^8
0     7cbc CG_DrawStatusBarFlag^8
0     7cd5 CG_DrawTeamBackground
0     7d18 CG_DrawStatusBar^8
0     7f2b CG_DrawAttacker^8
0     7fe1 CG_DrawSpeedMeter^8
0     8038 CG_DrawSnapshot^8
0     8072 CG_DrawFPS^8
0     80ff CG_DrawTimer^8
0     814f CG_DrawTeamOverlay^8
0     8468 CG_DrawUpperRight^8
0     84dd CG_DrawScores^8
0     8851 CG_DrawPowerups^8
0     8b09 CG_DrawLowerRight^8
0     8b41 CG_DrawPickupItem^8
0     8be8 CG_DrawLowerLeft^8
0     8c17 CG_DrawTeamInfo^8
0     8d41 CG_DrawHoldableItem^8
0     8d6d CG_DrawReward^8
0     8e6b CG_AddLagometerFrameInfo
0     8e8b CG_AddLagometerSnapshotInfo
0     8ed2 CG_DrawDisconnect^8
0     8f46 CG_DrawLagometer^8
0     9171 CG_CenterPrint
0     91af CG_DrawCenterString^8
0     9269 CG_DrawCrosshair^8
0     9337 CG_ScanForCrosshairEntity^8
0     939f CG_DrawCrosshairNames^8
0     93ff CG_DrawSpectator^8
0     9454 CG_DrawVote^8
0     94aa CG_DrawTeamVote^8
0     953d hud_runes
0     975e CG_DrawRunesboard^8
0     9822 CG_DrawScoreboard^8
0     982c CG_DrawIntermission^8
0     9844 CG_DrawFollow^8
0     988e CG_DrawAmmoWarning^8
0     98bd CG_DrawWarmup^8
0     9a1f CG_Draw2D^8
0     9afb CG_DrawTourneyScoreboard^8
0     9b01 CG_CalculatePing^8
0     9b48 CG_WarmupEvents^8
0     9bd5 CG_WarmupEvent
0     9c00 CG_ApplyClientChange^8
0     9c09 CG_TrackClientTeamChange
0     9cbc CG_DrawActive
0     9cff CG_Fade
0     9d1d CG_DrawFlashFade
0     9db0 CG_AdjustFrom640
0     9ded CG_FillRect
0     9e20 CG_FillScreen
0     9e48 CG_DrawPic
0     9e70 CG_DrawChar^9
0     9ee3 CG_DrawStringExt
0     a01b DrawStringLen^9
0     a062 CG_DrawString
0     a0c2 CG_DrawStrlen
0     a105 CG_TileClearBox^9
0     a162 CG_TileClear
0     a1ef CG_FadeColor
0     a231 CG_FadeColorTime
0     a276 CG_GetColorForHealth
0     a30b CG_ColorForHealth
0     a320 CG_ProportionalStringWidth
0     a363 CG_DrawProportionalString2^9
0     a439 CG_ProportionalSizeScale
0     a448 CG_DrawProportionalString
0     a5ad CG_BlackBars
0     a5cd CG_BubbleTrail
0     a766 CG_SmokePuff
0     a8ff CG_SpawnEffect
0     a9a4 CG_Lightning_Discharge
0     a9f2 CG_DamagePlum
0     aab8 CG_ScorePlum
0     ab78 CG_MakeExplosion
0     ac8e CG_Bleed
0     acf6 CG_LaunchGib^10
0     ad73 CG_GibPlayer
0     b03f CG_GibPlayerHeadshot
0     b0a7 CG_PositionEntityOnTag
0     b15b CG_PositionRotatedEntityOnTag
0     b211 CG_SetEntitySoundPosition
0     b26a CG_EntityEffects^11
0     b309 CG_General^11
0     b36c CG_Speaker^11
0     b3c6 CG_ItemTimer
0     b546 CG_Item^11
0     b965 CG_Missile^11
0     babd CG_Grapple^11
0     bb30 CG_Mover^11
0     bba4 CG_Beam
0     bbd0 CG_PersonalPortal^11
0     bd99 CG_Portal^11
0     be06 CG_AdjustPositionForMover
0     bef0 CG_InterpolateEntityPosition^11
0     bfb4 CG_CalcEntityLerpPositions^11
0     c04b CG_TeamBase^11
0     c097 CG_LaserSight^11
0     c0db CG_AddCEntity^11
0     c189 CG_AddPacketEntities
0     c232 CG_PlaceString
0     c2e0 CG_Obituary^12
0     c665 CG_UseItem^12
0     c6f7 RateWeapon
0     c718 CG_ItemPickup^12
0     c789 CG_WaterLevel
0     c82d CG_PainEvent
0     c8ea CG_EntityEvent
0     d478 CG_CheckEvents
0     d4fc CG_DrawLoadingIcons^13
0     d56f CG_LoadingString
0     d5ae CG_LoadingItem
0     d5eb CG_LoadingClient
0     d6e4 CG_DrawInformation
0     d9b7 CG_InitLocalEntities
0     d9eb CG_FreeLocalEntity
0     da1b CG_AllocLocalEntity
0     da5d CG_BloodTrail
0     daca CG_FragmentBounceMark
0     db5b CG_FragmentBounceSound
0     dbaf CG_ReflectVelocity
0     dc99 CG_AddFragment^14
0     dd9c CG_AddFadeRGB^14
0     deb4 CG_AddMoveScaleFade^14
0     dfa2 CG_EmitPolyVerts^14
0     e1bf CG_AddScaleFade^14
0     e25e CG_AddFallScaleFade^14
0     e312 CG_AddExplosion^14
0     e38b CG_AddSpriteExplosion^14
0     e457 CG_AddRefEntity^14
0     e472 CG_AddScorePlum
0     e698 ChooseDamageColor^14
0     e75d CG_AddDamagePlum
0     e920 CG_AddLocalEntities
0     e9b8 CG_InitMarkPolys
0     e9ec CG_FreeMarkPoly
0     ea1c CG_AllocMark
0     ea77 CG_ImpactMark
0     ed5e CG_AddMarks
0     ef62 CG_ClearParticles
0     effd CG_AddParticleToScene
0    10733 CG_AddParticles
0    1092b CG_ParticleExplosion
0    10a35 CG_CustomSound
0    10aa9 CG_ParseAnimationFile^16
0    10f07 CG_FileExists^16
0    10f2d CG_FindClientModelFile^16
0    110b3 CG_FindClientHeadFile^16
0    11253 CG_RegisterClientSkin^16
0    1131e CG_RegisterClientModelname^16
0    1158b CG_IsKnownModel^16
0    116c3 CG_ColorFromChar^16
0    11721 CG_SetColorInfo^16
0    117db CG_GetTeamColors^16
0    1181b CG_LoadClientInfo
0    119e1 CG_CopyClientInfoModel^16
0    11a81 CG_ScanForExistingClientInfo^16
0    11b1c CG_SetDeferredClientInfo^16
0    11c27 CG_SetSkinAndModel^16
0    12015 CG_NewClientInfo
0    122d9 CG_LoadDeferredPlayers
0    1231c CG_SetLerpFrameAnimation^16
0    12372 CG_RunLerpFrame^16
0    12528 CG_ClearLerpFrame^16
0    12561 CG_PlayerAnimation^16
0    12624 CG_SwingAngles^16
0    12725 CG_AddPainTwitch^16
0    1276c CG_PlayerAngles^16
0    12945 CG_HasteTrail^16
0    129ba CG_TrailItem^16
0    12a1d CG_PlayerFlag^16
0    12bbc CG_PlayerPowerups^16
0    12d00 CG_PlayerFloatSprite^16
0    12d4c CG_PlayerSprites^16
0    12e21 CG_PlayerShadow^16
0    12ead CG_PlayerSplash^16
0    12f9b CG_AddRefEntityWithPowerups
0    13097 CG_Player
0    133a9 CG_ResetPlayerEntity
0    1348b CG_CheckAmmo
0    1350a CG_DamageFeedback
0    13681 CG_Respawn
0    1369b CG_CheckPlayerstateEvents^17
0    13797 pushReward^17
0    137c4 CG_CheckLocalSounds
0    13ad1 CG_TransitionPlayerState
0    13b8b CG_PB_FindFreePolyBuffer
0    13c36 CG_PB_ClearPolyBuffers
0    13c42 CG_PB_RenderPolyBuffers
0    13c65 CG_BuildSolidList
0    13cf1 CG_ClipMoveToEntities^19
0    13dfe CG_Trace
0    13e3e CG_PointContents
0    13eb6 CG_InterpolatePlayerState^19
0    13fdc CG_StoreEvent
0    1401f CG_PlayDroppedEvents
0    140b4 CG_AddArmor^19
0    140d0 CG_AddAmmo^19
0    14113 CG_AddWeapon^19
0    14150 CG_CheckArmor^19
0    14186 CG_AddFallDamage
0    141e7 CG_PickupPrediction^19
0    14379 CG_TouchItem^19
0    144c6 CG_TouchTriggerPrediction^19
0    1459f CG_CheckTimers^19
0    14699 CG_IsUnacceptableError^19
0    14ca9 CG_PredictPlayerState
0    15052 CG_DrawClientScore^20
0    153c2 CG_ScoreboardClick
0    15442 CG_TeamScoreboard^20
0    154d0 CG_DrawOldScoreboard
0    15835 CG_DrawOldTourneyScoreboard
0    159a4 CG_ParseScores^21
0    15baf CG_ParseTeamInfo^21
0    15c6b CG_ParseServerinfo
0    15d5e CG_ParseSysteminfo
0    15dcf CG_ParseWarmup^21
0    15e59 CG_SetConfigValues
0    15eb2 CG_ShaderStateChanged
0    15f5e CG_ConfigStringModified^21
0    16129 CG_AddToTeamChat^21
0    1628c CG_MapRestart^21
0    162d9 CG_RemoveChatEscapeChar^21
0    1631b CG_ServerCommand^21
0    16544 CG_ExecuteNewServerCommands
0    1656f CG_ResetEntity^22
0    165af CG_TransitionEntity^22
0    165dc CG_SetInitialSnapshot
0    16654 CG_TransitionSnapshot^22
0    1673e CG_SetNextSnap^22
0    16849 CG_ReadNextSnapshot^22
0    168b7 CG_ProcessSnapshots
0    16969 CG_TestModel_f
0    169f6 CG_TestGun_f
0    16a02 CG_TestModelNextFrame_f
0    16a18 CG_TestModelPrevFrame_f
0    16a35 CG_TestModelNextSkin_f
0    16a4b CG_TestModelPrevSkin_f
0    16a68 CG_AddTestModel^23
0    16aed CG_CalcVrect^23
0    16b5a CG_OffsetThirdPersonView^23
0    16cc5 CG_StepOffset^23
0    16ce7 CG_OffsetFirstPersonView^23
0    16f0c CG_ZoomDown_f
0    16f30 CG_ZoomUp_f
0    16f3d CG_CalcFov^23
0    1708d CG_DamageBlendBlob^23
0    17171 CG_CalcViewValues^23
0    172d5 CG_PowerupTimerSounds^23
0    17327 CG_AddBufferedSound
0    17367 CG_PlayBufferedSounds^23
0    173a9 CG_FirstFrame^23
0    173fe CG_DrawActiveFrame
0    17564 CG_SetupFrustum
0    176aa CG_CullPoint
0    176f3 CG_MachineGunEjectBrass
0    178e6 CG_ShotgunEjectBrass
0    17b07 CG_RailTrail
0    17e8f CG_RocketTrail
0    17f76 CG_PlasmaTrail
0    18232 CG_GrappleTrail
0    182c7 CG_GrenadeTrail
0    182d3 CG_RegisterWeapon
0    18846 CG_RegisterItemVisuals
0    189b6 CG_MapTorsoToWeaponFrame^24
0    18a20 CG_CalculateWeaponPosition^24
0    18b03 CG_LightningBolt^24
0    18cde CG_SpawnRailTrail^24
0    18d16 CG_MachinegunSpinAngle^24
0    18da8 CG_AddWeaponWithPowerups^24
0    18e6f CG_AddPlayerWeapon
0    19324 CG_CenterGun
0    19360 CG_AddViewWeapon
0    19555 hud_weapons
0    19673 CG_DrawWeaponSelect
0    1987e CG_WeaponSelectable^24
0    198a3 NextWeapon
0    198df PrevWeapon
0    19928 CG_NextWeapon_f
0    19993 CG_PrevWeapon_f
0    199fe CG_Weapon_f
0    19aa4 CG_OutOfAmmoChange
0    19ae0 CG_FireWeapon
0    19bb6 CG_MissileHitWall
0    19e98 CG_MissileHitPlayer
0    19ec8 CG_ShotgunPellet^24
0    19f9f CG_ShotgunPattern^24
0    1a050 CG_ShotgunFire
0    1a10b CG_Tracer
0    1a316 CG_CalcMuzzlePoint^24
0    1a3fc CG_Bullet
0    1a4c1 Q_rand
0    1a4d6 Q_random
0    1a4e8 Q_crandom
0    1a4f9 VectorCompare
0    1a527 VectorLength
0    1a558 VectorLengthSquared
0    1a582 Distance
0    1a5b9 DistanceSquared
0    1a5fd VectorNormalizeFast
0    1a656 CrossProduct
0    1a6af ByteToDir
0    1a6cd RotatePointAroundVector
0    1a7de RotateAroundDirection
0    1a81a vectoangles
0    1a8c8 AnglesToAxis
0    1a8fd AxisClear
0    1a938 AxisCopy
0    1a95a ProjectPointOnPlane
0    1aa11 Q_rsqrt
0    1aa4c Q_fabs
0    1aa5c LerpAngle
0    1aa91 AngleSubtract
0    1aab6 AnglesSubtract
0    1ab04 AngleMod
0    1ab1a AngleNormalize360
0    1ab28 AngleNormalize180
0    1ab47 AngleDelta
0    1ab57 VectorNormalize
0    1abc1 VectorNormalize2
0    1ac3d MatrixMultiply
0    1ada6 AngleVectors
0    1ae98 PerpendicularVector
0    1aefa COM_StripExtension
0    1af45 COM_Parse
0    1af54 SkipWhitespace^26
0    1af93 COM_ParseExt
0    1b0f4 Q_strrchr
0    1b128 Q_strncpyz
0    1b16b Q_stricmpn
0    1b1fa Q_stricmp
0    1b27b Q_strlwr
0    1b2a1 Q_strcat
0    1b2cd Q_CleanStr
0    1b32e Com_sprintf
0    1b35d va
0    1b38c Q_strkey^26
0    1b3cb Info_ValueForKey
0   a720b4 _stackStart
0   a820b4 _stackEnd
1        4 forceModelModificationCount^0
1        8 enemyModelModificationCount^0
1        c enemyColorsModificationCount^0
1       10 teamModelModificationCount^0
1       14 teamColorsModificationCount^0
1       18 breadcrumbModificationCount^0
1       1c lazyloadModificationCount^0
1       20 customheightModificationCount^0
1       24 customwidthModificationCount^0
1       28 intShaderTime
1       2c linearLight
1       58 cg_weaponsCount
1       5c atmosphereModificationCount
1       60 cvarTable^0
1      850 randSeed^1
1      854 bg_itemlist
1     1c08 bg_numItems
1     1c68 eventnames
1     1e8c pm_stopspeed
1     1e90 pm_duckScale
1     1e94 pm_swimScale
1     1e98 pm_ladderScale
1     1e9c pm_ladderfriction
1     1ea0 pm_ladderAccelerate
1     1ea4 pm_accelerate
1     1ea8 pm_airaccelerate
1     1eac pm_wateraccelerate
1     1eb0 pm_flyaccelerate
1     1eb4 pm_friction
1     1eb8 pm_waterfriction
1     1ebc pm_flightfriction
1     1ec0 pm_spectatorfriction
1     1ec4 c_pmove
1     1ec8 pm_respawntimer^3
1     1f2c commands^7
1     1ff4 drawTeamOverlayModificationCount
1     2084 propMap^9
1     2960 shaderAnimNames^15
1     29e0 shaderAnimCounts^15
1     2a60 shaderAnimSTRatio^15
1     2ae0 cl_numparticles
1     2ae4 initparticles
1     2ae8 roll^15
1     2aec cg_customSoundNames^16
1     2bb8 player_stop
1     2bbc black_bars
1     2c60 vec3_origin
1     2c6c axisDefault
1     2c90 colorWhite
1     2ca0 g_color_table
1     2d20 bytedirs
2     5ae2 locase
3      800 cg_customWidth
3      910 cg_customHeight
3      a20 cg_lazyLoad
3      b30 cg_breadCrumb
3      c40 cg_developer
3      d50 cgwp_grapplePull
3      e60 cgwp_grappleEnable
3      f70 cgwp_grappleCycle
3     1080 cgwp_bfgCycle
3     1190 cgwp_railCycle
3     12a0 cgwp_plasmaCycle
3     13b0 cgwp_rocketCycle
3     14c0 cgwp_grenadeCycle
3     15d0 cgwp_machineCycle
3     16e0 cgwp_shotgunCycle
3     17f0 cgwp_lightCycle
3     1900 cgwp_gauntCycle
3     1a10 trap_GetValue
3     1a14 trap_R_AddLinearLightToScene
3     1a18 trap_R_AddRefEntityToScene2
3     1a1c cg_atmosphericEffects
3     1b2c cg_atmosphere
3     1c3c cg_gunCenter
3     1d4c cg_weaponOrder
3     1e5c cg_altGrapple
3     1f6c cg_altPortal
3     207c cgwp_portalEnable
3     218c cg_wallWalk
3     229c cg_gravity
3     23ac cg_jumpVelocity
3     24bc cg_hasteFactor
3     25cc cg_followKiller
3     26dc cg_fovAdjust
3     27ec cg_deadBodyDarken
3     28fc cg_teamColors
3     2a0c cg_teamModel
3     2b1c cg_enemyColors
3     2c2c cg_enemyModel
3     2d3c cg_hitSounds
3     2e4c cg_trueLightning
3     2f5c cg_oldPlasma
3     306c cg_oldRocket
3     317c cg_oldRail
3     328c cg_noProjectileTrail
3     339c cg_noTaunt
3     34ac cg_bigFont
3     35bc cg_smallFont
3     36cc cg_cameraMode
3     37dc cg_timescale
3     38ec cg_timescaleFadeSpeed
3     39fc cg_timescaleFadeEnd
3     3b0c cg_cameraOrbitDelay
3     3c1c cg_cameraOrbit
3     3d2c cg_smoothClients
3     3e3c cg_itemTimer
3     3f4c cg_damagePlum
3     405c cg_scorePlum
3     416c cg_teamChatsOnly
3     427c cg_drawFriend
3     438c cg_deferPlayers
3     449c cg_predictItems
3     45ac cg_blood
3     46bc cg_paused
3     47cc cg_buildScript
3     48dc cg_forceModel
3     49ec cg_stats
3     4afc cg_teamChatHeight
3     4c0c cg_teamChatTime
3     4d1c cg_drawSpeed
3     4e2c cg_drawAttacker
3     4f3c cg_lagometer
3     504c cg_thirdPerson
3     515c cg_thirdPersonAngle
3     526c cg_thirdPersonRange
3     537c cg_zoomFov
3     548c cg_fov
3     559c cg_simpleItems
3     56ac cg_ignore
3     57bc cg_autoswitch
3     58cc cg_tracerLength
3     59dc cg_tracerWidth
3     5aec cg_tracerChance
3     5bfc cg_viewsize
3     5d0c cg_drawGun
3     5e1c cg_gun_z
3     5f2c cg_gun_y
3     603c cg_gun_x
3     614c cg_gun_frame
3     625c cg_brassTime
3     636c cg_addMarks
3     647c cg_footsteps
3     658c cg_showmiss
3     669c cg_noPlayerAnims
3     67ac cg_nopredict
3     68bc cg_errorDecay
3     69cc cg_railTrailRadius
3     6adc cg_railTrailTime
3     6bec cg_debugEvents
3     6cfc cg_debugPosition
3     6e0c cg_debugAnim
3     6f1c cg_animSpeed
3     702c cg_draw2D
3     713c cg_drawStatus
3     724c cg_crosshairHealth
3     735c cg_crosshairSize
3     746c cg_crosshairY
3     757c cg_crosshairX
3     768c cg_drawWeaponSelect
3     779c cg_teamOverlayUserinfo
3     78ac cg_drawTeamOverlay
3     79bc cg_drawRewards
3     7acc cg_drawCrosshairNames
3     7bdc cg_drawCrosshair
3     7cec cg_drawAmmoWarning
3     7dfc cg_drawIcons
3     7f0c cg_draw3dIcons
3     801c cg_drawSnapshot
3     812c cg_drawFPS
3     823c cg_drawTimer
3     834c cg_gibs
3     845c cg_shadows
3     856c cg_swingSpeed
3     867c cg_bobroll
3     878c cg_bobpitch
3     889c cg_bobup
3     89ac cg_runroll
3     8abc cg_runpitch
3     8bcc cg_centertime
3     8cdc cg_items
3     b4dc cg_weapons
3     c9dc cg_entities
3   1c79dc cg
3   1ec480 cgs
3   214dd4 destinationsAngles
3   214dd8 destinations
3   214ddc portalsAngles
3   214de0 portals
3   214de4 items
3   214de8 pml
3   214e78 pm
3   214e7c one_over_mapgrid_factor^5
3   214e84 tracemap^5
3   2d4ea0 cg_atmFx^6
3   3175c4 kludgeResult^6
3   3175c8 kludgeChecked^6
3   3175e8 lagometer
3   317bf0 numSortedTeamPlayers
3   317bf4 sortedTeamPlayers
3   317cec loadingItemIcons^13
3   317d54 loadingPlayerIcons^13
3   317d94 loadingItemIconCount^13
3   317d98 loadingPlayerIconCount^13
3   317d9c cg_freeLocalEntities
3   317da0 cg_activeLocalEntities
3   317ec4 cg_localEntities
3   3a9ec4 oldtime
3   3a9ec8 rup
3   3a9ed4 rright
3   3a9ee0 rforward
3   3a9eec pvup
3   3a9ef8 pvright
3   3a9f04 pvforward
3   3a9f10 particles
3   3c8f10 free_particles
3   3c8f14 active_particles
3   3c8f18 numShaderAnims^15
3   3c8f1c shaderAnims^15
3   3caf1c markTotal^15
3   3caf20 cg_freeMarkPolys
3   3caf24 cg_activeMarkPolys
3   3cb044 cg_markPolys
3   3dd04c cg_polyBuffersInuse
3   3dd24c cg_polyBuffers
3   a5d84c eventParm2
3   a5d88c eventParms
3   a5d8cc events
3   a5d90c eventStack
3   a5d910 cg_triggerEntities^19
3   a5dd10 cg_numTriggerEntities^19
3   a5dd14 cg_solidEntities^19
3   a5e114 cg_numSolidEntities^19
3   a5e118 cg_pmove^19
3   a5e1f8 localClient^20
3   a5e1fc frustum^23
3   a5e23c weaponRawOrder
3   a5e268 weaponOrder
3   a71cac com_tokenline^26
3   a71cb0 com_lines^26
3   a71cb4 com_token^26
