0 fffffdbf trap_AAS_PredictRoute
0 fffffdc1 trap_BotAddAvoidSpot
0 fffffdc2 trap_BotSetAvoidGoalTime
0 fffffdc3 trap_BotPredictVisiblePosition
0 fffffdc4 trap_BotRemoveFromAvoidGoals
0 fffffdc5 trap_BotGetChatMessage
0 fffffdc6 trap_BotNumInitialChats
0 fffffdc8 trap_BotGetNextCampSpotGoal
0 fffffdc9 trap_BotMutateGoalFuzzyLogic
0 fffffdca trap_BotInterbreedGoalFuzzyLogic
0 fffffdcb trap_GeneticParentsAndChildSelection
0 fffffdcc trap_BotResetWeaponState
0 fffffdcd trap_BotFreeWeaponState
0 fffffdce trap_BotAllocWeaponState
0 fffffdcf trap_BotLoadWeaponWeights
0 fffffdd0 trap_BotGetWeaponInfo
0 fffffdd1 trap_BotChooseBestFightWeapon
0 fffffdd2 trap_BotInitMoveState
0 fffffdd3 trap_BotFreeMoveState
0 fffffdd4 trap_BotAllocMoveState
0 fffffdd5 trap_BotMovementViewTarget
0 fffffdd7 trap_BotResetLastAvoidReach
0 fffffdd8 trap_BotResetAvoidReach
0 fffffdd9 trap_BotMoveInDirection
0 fffffdda trap_BotMoveToGoal
0 fffffddb trap_BotResetMoveState
0 fffffddc trap_BotFreeGoalState
0 fffffddd trap_BotAllocGoalState
0 fffffdde trap_BotSaveGoalFuzzyLogic
0 fffffde0 trap_BotLoadItemWeights
0 fffffde1 trap_BotUpdateEntityItems
0 fffffde4 trap_BotGetLevelItemGoal
0 fffffde5 trap_BotItemGoalInVisButNotVisible
0 fffffde6 trap_BotTouchingGoal
0 fffffde7 trap_BotChooseNBGItem
0 fffffde8 trap_BotChooseLTGItem
0 fffffde9 trap_BotGetSecondGoal
0 fffffdea trap_BotGetTopGoal
0 fffffdeb trap_BotGoalName
0 fffffdec trap_BotDumpGoalStack
0 fffffded trap_BotDumpAvoidGoals
0 fffffdee trap_BotEmptyGoalStack
0 fffffdef trap_BotPopGoal
0 fffffdf0 trap_BotPushGoal
0 fffffdf1 trap_BotResetAvoidGoals
0 fffffdf2 trap_BotResetGoalState
0 fffffdf3 trap_BotSetChatName
0 fffffdf4 trap_BotSetChatGender
0 fffffdf5 trap_BotLoadChatFile
0 fffffdf6 trap_BotReplaceSynonyms
0 fffffdf7 trap_UnifyWhiteSpaces
0 fffffdf8 trap_BotMatchVariable
0 fffffdf9 trap_BotFindMatch
0 fffffdfb trap_BotEnterChat
0 fffffdfd trap_BotReplyChat
0 fffffdfe trap_BotInitialChat
0 fffffdff trap_BotNumConsoleMessages
0 fffffe00 trap_BotNextConsoleMessage
0 fffffe01 trap_BotRemoveConsoleMessage
0 fffffe02 trap_BotQueueConsoleMessage
0 fffffe03 trap_BotFreeChatState
0 fffffe04 trap_BotAllocChatState
0 fffffe05 trap_Characteristic_String
0 fffffe08 trap_Characteristic_BFloat
0 fffffe0a trap_BotFreeCharacter
0 fffffe0b trap_BotLoadCharacter
0 fffffe58 trap_EA_ResetInput
0 fffffe59 trap_EA_GetInput
0 fffffe5b trap_EA_View
0 fffffe5f trap_EA_SelectWeapon
0 fffffe66 trap_EA_Crouch
0 fffffe67 trap_EA_Respawn
0 fffffe68 trap_EA_Use
0 fffffe69 trap_EA_Attack
0 fffffe6a trap_EA_Talk
0 fffffe6b trap_EA_Gesture
0 fffffe6c trap_EA_Action
0 fffffe6d trap_EA_Command
0 fffffe6e trap_EA_SayTeam
0 fffffec1 trap_AAS_PredictClientMovement
0 fffffec2 trap_AAS_Swimming
0 fffffec3 trap_AAS_AreaTravelTimeToGoalArea
0 fffffec4 trap_AAS_AreaReachability
0 fffffec5 trap_AAS_IntForBSPEpairKey
0 fffffec6 trap_AAS_FloatForBSPEpairKey
0 fffffec7 trap_AAS_VectorForBSPEpairKey
0 fffffec8 trap_AAS_ValueForBSPEpairKey
0 fffffec9 trap_AAS_NextBSPEntity
0 fffffeca trap_AAS_PointContents
0 fffffecb trap_AAS_TraceAreas
0 fffffecc trap_AAS_PointAreaNum
0 fffffecd trap_AAS_Time
0 fffffece trap_AAS_PresenceTypeBoundingBox
0 fffffecf trap_AAS_Initialized
0 fffffed0 trap_AAS_EntityInfo
0 fffffed1 trap_AAS_AreaInfo
0 fffffed2 trap_AAS_BBoxAreas
0 fffffed3 trap_AAS_EnableRoutingArea
0 ffffff2c trap_BotUserCommand
0 ffffff2d trap_BotGetServerCommand
0 ffffff2e trap_BotGetSnapshotEntity
0 ffffff30 trap_BotLibUpdateEntity
0 ffffff31 trap_BotLibLoadMap
0 ffffff32 trap_BotLibStartFrame
0 ffffff35 trap_BotLibVarSet
0 ffffff36 trap_BotLibShutdown
0 ffffff37 trap_BotLibSetup
0 ffffff90 ceil
0 ffffff91 floor
0 ffffff95 sqrt
0 ffffff96 atan2
0 ffffff97 cos
0 ffffff98 sin
0 ffffff99 strncpy
0 ffffff9a memcpy
0 ffffff9b memset
0 ffffffd5 trap_SnapVector
0 ffffffd9 trap_FS_GetFileList
0 ffffffda trap_GetEntityToken
0 ffffffdb trap_GetUsercmd
0 ffffffdd trap_BotAllocateClient
0 ffffffde trap_EntityContact
0 ffffffdf trap_EntitiesInBox
0 ffffffe0 trap_UnlinkEntity
0 ffffffe1 trap_LinkEntity
0 ffffffe3 trap_AdjustAreaPortalState
0 ffffffe5 trap_InPVS
0 ffffffe6 trap_PointContents
0 ffffffe7 trap_Trace
0 ffffffe8 trap_SetBrushModel
0 ffffffe9 trap_GetServerinfo
0 ffffffea trap_SetUserinfo
0 ffffffeb trap_GetUserinfo
0 ffffffec trap_GetConfigstring
0 ffffffed trap_SetConfigstring
0 ffffffee trap_SendServerCommand
0 ffffffef trap_DropClient
0 fffffff0 trap_LocateGameData
0 fffffff1 trap_SendConsoleCommand
0 fffffff2 trap_FS_FCloseFile
0 fffffff3 trap_FS_Write
0 fffffff4 trap_FS_Read
0 fffffff5 trap_FS_FOpenFile
0 fffffff6 trap_Argv
0 fffffff7 trap_Argc
0 fffffff8 trap_Cvar_VariableStringBuffer
0 fffffff9 trap_Cvar_VariableIntegerValue
0 fffffffa trap_Cvar_Set
0 fffffffb trap_Cvar_Update
0 fffffffc trap_Cvar_Register
0 fffffffd trap_Milliseconds
0 fffffffe trap_Error
0 ffffffff trap_Print
0        0 vmMain
0       96 G_Printf
0       b7 G_BroadcastServerCommand
0       ee G_Error
0      107 G_FindTeams
0      1fc G_RemapTeamShaders
0      1ff G_RegisterCvars
0      289 G_UpdateCvars^0
0      2fc G_LocateSpawnSpots^0
0      495 G_InitGame^0
0      636 G_ShutdownGame^0
0      668 Com_Error
0      681 Com_Printf
0      69a AddTournamentPlayer
0      714 RemoveTournamentLoser
0      73b AdjustTournamentScores
0      790 SortRanks^0
0      84b CalculateRanks
0      acc SendScoreboardMessageToAllClients^0
0      af5 MoveClientToIntermission
0      b80 FindIntermissionPoint
0      bef BeginIntermission
0      c63 ExitLevel
0      d10 G_LogPrintf
0      d88 LogExit
0      e1a CheckIntermissionExit
0      eee ScoreIsTied^0
0      f3b CheckExitRules^0
0     1031 ClearBodyQue^0
0     1064 G_WarmupEnd^0
0     1261 CheckTournament^0
0     1382 CheckVote^0
0     13e7 PrintTeam^0
0     1428 SetLeader
0     14e8 CheckTeamLeader
0     15ba CheckTeamVote^0
0     166f CheckCvars
0     169c G_RunThink
0     16d5 G_RunFrame^0
0     1889 BotNumActivePlayers
0     18de BotIsFirstInRankings
0     1941 BotIsLastInRankings
0     19a4 BotFirstClientInRankings
0     1a14 BotLastClientInRankings
0     1a84 BotRandomOpponentName
0     1b4b BotMapTitle^1
0     1b50 BotWeaponNameForMeansOfDeath
0     1b97 BotRandomWeaponName
0     1bde BotVisibleEnemies
0     1c6b BotValidChatPosition
0     1d33 BotChat_EnterGame
0     1ded BotChat_ExitGame
0     1e98 BotChat_StartLevel
0     1f38 BotChat_EndLevel
0     207b BotChat_Death
0     22f4 BotChat_Kill
0     2448 BotChat_EnemySuicide
0     2505 BotChat_HitTalking
0     25f5 BotChat_HitNoDeath
0     2702 BotChat_HitNoKill
0     27e3 BotChat_Random
0     296a BotChatTime
0     296f BotChatTest
0     3197 BotGetItemTeamGoal
0     31de BotGetMessageTeamGoal
0     321b BotGetTime
0     329a FindClientByName
0     32fb FindEnemyByName
0     3380 NumPlayersOnSameTeam
0     33c4 BotGetPatrolWaypoints
0     34f2 BotAddressedToBot
0     3613 BotMatch_HelpAccompany
0     3850 BotMatch_DefendKeyArea
0     390a BotMatch_GetItem
0     39a6 BotMatch_Camp
0     3b67 BotMatch_Patrol
0     3c0b BotMatch_GetFlag
0     3c9e BotMatch_RushBase
0     3d1d BotMatch_TaskPreference
0     3dde BotMatch_ReturnFlag
0     3e55 BotMatch_JoinSubteam
0     3ec2 BotMatch_LeaveSubteam
0     3f2d BotMatch_WhichTeam
0     3f87 BotMatch_CheckPoint
0     40e1 BotMatch_FormationSpace
0     4143 BotMatch_Dismiss
0     41ab BotMatch_Suicide
0     41ee BotMatch_StartTeamLeaderShip
0     4245 BotMatch_StopTeamLeaderShip
0     42b6 BotMatch_WhoIsTeamLeader
0     42ea BotMatch_WhatAreYouDoing
0     4409 BotMatch_WhatIsMyCommand
0     4434 BotNearestVisibleItem
0     44cc BotMatch_WhereAreYou
0     45fa BotMatch_LeadTheWay
0     4758 BotMatch_Kill
0     47f9 BotMatch_CTF
0     48d2 BotMatch_EnterGame
0     48f7 BotMatch_NewLeader
0     4930 BotMatchMessage
0     4a94 BotResetNodeSwitches
0     4a9a BotDumpNodeSwitches
0     4add BotRecordNodeSwitch
0     4b14 BotGetAirGoal
0     4bd1 BotGoForAir
0     4c4e BotNearbyGoal
0     4cba BotReachedGoal
0     4dbb BotGetItemLongTermGoal
0     4e52 BotGetLongTermGoal
0     5c3d BotLongTermGoal
0     5ea1 AIEnter_Intermission
0     5edd AINode_Intermission
0     5f20 AIEnter_Observer
0     5f40 AINode_Observer
0     5f58 AIEnter_Stand
0     5f7b AINode_Stand
0     6018 AIEnter_Respawn
0     609c AINode_Respawn
0     611b BotSelectActivateWeapon
0     61bc BotClearPath
0     63f8 AIEnter_Seek_ActivateEntity
0     640e AINode_Seek_ActivateEntity
0     682c AIEnter_Seek_NBG
0     686f AINode_Seek_NBG
0     6ae9 AIEnter_Seek_LTG
0     6b2c AINode_Seek_LTG
0     6e77 AIEnter_Battle_Fight
0     6ea8 AIEnter_Battle_SuicidalFight
0     6ed9 AINode_Battle_Fight
0     71be AIEnter_Battle_Chase
0     71df AINode_Battle_Chase
0     7489 AIEnter_Battle_Retreat
0     749f AINode_Battle_Retreat
0     779d AIEnter_Battle_NBG
0     77b3 AINode_Battle_NBG
0     7a36 BotSetUserInfo^4
0     7a69 BotCTFCarryingFlag
0     7a8c BotTeam
0     7ae4 BotOppositeTeam
0     7b06 BotEnemyFlag
0     7b1a BotTeamFlag
0     7b2e EntityIsDead
0     7b58 EntityCarriesFlag
0     7b77 EntityIsInvisible
0     7b98 EntityIsShooting
0     7baa EntityIsChatting
0     7bbc BotRememberLastOrderedTask
0     7bf9 BotSetTeamStatus
0     7bfc BotSetLastOrderedTask
0     7cf0 BotRefuseOrder
0     7d22 BotCTFSeekGoals
0     8264 BotCTFRetreatGoals
0     82ae BotTeamGoals
0     82d1 BotPointAreaNum
0     8314 ClientName
0     835f ClientFromName
0     83a4 ClientOnSameTeamFromName
0     83fd stristr
0     8462 EasyClientName
0     85c6 BotSynonymContext
0     85ec BotChooseWeapon
0     8653 BotSetupForMovement
0     8709 BotCheckItemPickup
0     870c BotUpdateInventory
0     895b BotUpdateBattleInventory
0     89a1 BotBattleUseItems
0     89e1 BotSetTeleportTime
0     8a08 BotIsDead
0     8a1d BotIsObserver
0     8a53 BotIntermission
0     8a7b BotInLavaOrSlime
0     8a95 BotCreateWayPoint
0     8af3 BotFindWayPoint
0     8b22 BotFreeWaypoints
0     8b45 BotInitWaypoints
0     8b69 TeamPlayIsOn
0     8b7b BotAggression
0     8c56 BotWantsToRetreat
0     8cac BotWantsToChase
0     8cfb BotCanAndWantsToRocketJump
0     8d66 BotHasPersistantPowerupAndWeapon
0     8e1c BotGoCamp
0     8e96 BotWantsToCamp
0     8fc8 BotDontAvoid
0     9004 BotGoForPowerups
0     9039 BotRoamGoal
0     91bf BotAttackMove
0     94a7 BotSameTeam
0     94d9 InFieldOfVision
0     9568 BotEntityVisible
0     97af BotFindEnemy
0     9a2e BotTeamFlagCarrierVisible
0     9aa3 BotEnemyFlagCarrierVisible
0     9b18 BotAimAtEnemy
0     a2c4 BotCheckAttack
0     a544 BotMapScripts
0     a6f5 BotSetMovedir
0     a72b BotModelMinsMaxs
0     a81b BotFuncButtonActivateGoal
0     ad24 BotFuncDoorActivateGoal
0     ade4 BotTriggerMultipleActivateGoal
0     af19 BotPopFromActivateGoalStack
0     af56 BotPushOntoActivateGoalStack
0     afe6 BotClearActivateGoalStack
0     affc BotEnableActivateGoalAreas
0     b054 BotIsGoingToActivateEntity
0     b0ca BotGetActivateGoal
0     b55b BotGoForActivateGoal
0     b5b2 BotRandomMove
0     b5ec BotAIBlocked
0     b787 BotAIPredictObstacles
0     b877 BotCheckConsoleMessages
0     ba6c BotCheckForGrenades
0     ba95 BotCheckEvents
0     bcba BotCheckSnapshot
0     bd29 BotCheckAir
0     bd4b BotAlternateRoute
0     bdae BotGetAlternateRouteGoal
0     be4d BotSetupAlternativeRouteGoals
0     be59 BotDeathmatchAI
0     c04f BotSetupDeathmatchAI
0     c139 BotAI_Print
0     c193 BotAI_Trace
0     c20c BotAI_GetClientState
0     c23d BotAI_GetEntityState
0     c2b3 BotAI_GetSnapshotEntity
0     c2e4 BotAI_BotInitialChat
0     c366 BotTestAAS
0     c3dd BotSetInfoConfigString
0     c54a BotUpdateInfoConfigStrings
0     c5a3 BotInterbreedBots
0     c680 BotWriteInterbreeded
0     c6f4 BotInterbreedEndMatch
0     c72f BotInterbreeding
0     c7cf BotEntityInfo
0     c7db NumBots
0     c7e1 BotTeamLeader
0     c817 AngleDifference
0     c847 BotChangeViewAngle
0     c8bb BotChangeViewAngles
0     cac2 BotInputToUserCommand
0     cdca BotUpdateInput
0     ce81 BotAIRegularUpdate
0     ce92 RemoveColorEscapeSequences
0     cf01 BotAI
0     d149 BotScheduleBotThink
0     d18e BotWriteSessionData
0     d21e BotReadSessionData
0     d29b BotAISetupClient
0     d4e4 BotAIShutdownClient
0     d583 BotResetState
0     d6a0 BotAILoadMap
0     d708 BotAIStartFrame
0     daa9 BotInitLibrary
0     dc38 BotAISetup
0     dce2 BotAIShutdown
0     dd2d BotValidTeamLeader
0     dd54 BotNumTeamMates
0     ddbb BotClientTravelTimeToGoal
0     ddec BotSortTeamMatesByBaseTravelTime
0     deee BotSetTeamMateTaskPreference
0     df14 BotGetTeamMateTaskPreference
0     df4f BotSortTeamMatesByTaskPreference
0     e03d BotSayTeamOrderAlways
0     e090 BotSayTeamOrder
0     e09c BotCTFOrders_BothFlagsNotAtBase
0     e2e7 BotCTFOrders_FlagNotAtBase
0     e5b7 BotCTFOrders_EnemyFlagNotAtBase
0     e7be BotCTFOrders_BothFlagsAtBase
0     ea89 BotCTFOrders
0     eaed BotCreateGroup
0     eb5b BotTeamOrders
0     ec37 FindHumanTeamLeader
0     ec9f BotTeamAI
0     ee96 BotVoiceChat_Defend
0     ef1a swapfunc^8
0     efa1 med3^8
0     f034 qsort
0     f3e7 strlen
0     f402 strcat
0     f43c strcpy
0     f468 strcmp
0     f4a4 strchr
0     f4d4 strstr
0     f522 tolower
0     f53a toupper
0     f552 memmove
0     f5a5 srand
0     f5ac rand
0     f5c2 atof
0     f683 atoi
0     f6fb abs
0     f714 fabs
0     f72d BG_FindItemForRune
0     f766 BG_FindItemForPowerup
0     f7ad BG_FindItemForHealth
0     f7e4 BG_FindItemForAmmo
0     f81b BG_FindItemForWeapon
0     f852 BG_FindItem
0     f881 BG_PlayerTouchesItem
0     f8db BG_CanItemBeGrabbed
0     fa25 BG_EvaluateTrajectory
0     fc5f BG_EvaluateTrajectoryDelta
0     fdb7 BG_AddPredictableEventToPlayerstate
0     fdee BG_TouchJumpPad
0     fe5b BG_PlayerStateToEntityState
0    10040 BG_CleanName
0    1014b Q_strcpy
0    1017b Q_stradd
0    101ae Q_strlen
0    101cd AddInt^9
0    102a8 AddFloat^9
0    103bd AddString^9
0    1044f ED_vsprintf
0    1063f BG_sprintf
0    1065c _atoi^9
0    106cc _atof^9
0    10784 _atos^9
0    1080a Q_sscanf
0    10949 PM_AddEvent
0    1095a PM_AddTouchEnt
0    109b3 PM_StartTorsoAnim^10
0    109d6 PM_StartLegsAnim^10
0    10a03 PM_ContinueLegsAnim^10
0    10a23 PM_ContinueTorsoAnim^10
0    10a43 PM_ForceLegsAnim^10
0    10a53 PM_ClipVelocity
0    10ac4 PM_Friction^10
0    10be9 PM_Accelerate^10
0    10c63 PM_CmdScale^10
0    10d07 PM_SetMovementDir^10
0    10e26 PM_CheckJump^10
0    10eb5 PM_CheckWaterJump^10
0    10f99 PM_WaterJumpMove^10
0    10fda PM_WaterMove^10
0    11113 PM_FlyMove^10
0    1119e PM_AirMove^10
0    11247 PM_GrappleMove^10
0    112f5 PM_WalkMove^10
0    11509 PM_DeadMove^10
0    11580 PM_NoclipMove^10
0    116d8 PM_FootstepForSurface^10
0    116f1 PM_CrashLand^10
0    117f2 PM_CorrectAllSolid^10
0    118e1 PM_GroundTraceMissed^10
0    1197a PM_GroundTrace^10
0    11aef PM_SetWaterLevel^10
0    11bc4 PM_CheckDuck^10
0    11d12 PM_Footsteps^10
0    11e5e PM_WaterEvents^10
0    11ea1 PM_BeginWeaponChange^10
0    11efa PM_FinishWeaponChange^10
0    11f5a PM_TorsoAnimation^10
0    11f79 PM_Weapon^10
0    122ae PM_Animate^10
0    122d3 PM_DropTimers^10
0    1235d PM_UpdateViewAngles
0    1240b PM_LadderMove^10
0    12537 CheckLadder^10
0    125aa PmoveSingle^10
0    128e6 Pmove
0    129a8 PM_SlideMove
0    12d94 PM_StepSlideMove
0    12f20 P_DamageFeedback
0    12fdb P_WorldEffects
0    1311f G_SetClientSound
0    1314b ClientImpacts
0    131e7 G_ListPortals
0    13482 G_TouchTriggers
0    1363d SpectatorThink
0    136dd ClientInactivityTimer
0    13774 ClientTimerActions
0    1389f ClientIntermissionThink
0    138f1 ClientEvents
0    13ae6 SendPendingPredictableEvents
0    13b89 ClientThink_real
0    13f84 ClientThink
0    13fb4 G_RunClient
0    13fda SpectatorClientEndFrame
0    140b2 ClientEndFrame
0    143af UpdateTournamentInfo
0    144f9 SpawnModelOnVictoryPad^13
0    146c6 CelebrateStop^13
0    146ed CelebrateStart^13
0    1471d PodiumPlacementThink^13
0    149a0 SpawnPodium^13
0    14a78 SpawnModelsOnVictoryPads
0    14b1a Svcmd_AbortPodium_f
0    14b34 trap_Cvar_VariableValue
0    14b4a G_ParseInfos
0    14c40 G_LoadArenasFromFile^14
0    14cc0 G_LoadArenas^14
0    14d65 G_GetArenaInfoByMap
0    14da4 PlayerIntroSound^14
0    14df5 G_AddRandomBot
0    14f78 G_RemoveRandomBot
0    14fe1 G_CountHumanPlayers^14
0    15031 G_CountBotPlayers^14
0    150ab G_CheckMinimumPlayers
0    151e8 G_CheckBotSpawn
0    15246 AddBotToSpawnQueue^14
0    15289 G_RemoveQueuedBotBegin
0    152b1 G_BotConnect
0    15313 G_AddBot^14
0    1555a Svcmd_AddBot_f
0    15601 Svcmd_BotList_f
0    156bd G_SpawnBots^14
0    15769 G_LoadBotsFromFile^14
0    157e9 G_LoadBots^14
0    15875 G_GetBotInfoByName
0    158b8 G_InitBots
0    15989 SP_info_player_deathmatch
0    159ef SP_info_player_start
0    159fe SP_info_player_intermission
0    15a01 SpotWouldTelefrag
0    15a7e SelectRandomFurthestSpawnPoint^15
0    15c21 SelectSpawnPoint
0    15c37 SelectInitialSpawnPoint
0    15caf SelectSpectatorSpawnPoint
0    15cc0 InitBodyQue
0    15cf0 BodySink
0    15d26 CopyToBodyQue
0    15ea1 SetClientViewAngle
0    15ef6 respawn
0    15f4f TeamCount
0    15f98 TeamConnectedCount
0    15fe1 TeamLeader
0    16026 PickTeam
0    16060 ClientUserinfoChanged
0    1631d ClientConnect
0    16511 ClientBegin
0    16603 ClientSpawn
0    16af4 ClientDisconnect
0    16c3a DeathmatchScoreboardMessage
0    16d67 Cmd_Score_f
0    16d70 CheatsOk
0    16da0 ConcatArgs
0    16e0b SanitizeString
0    16e58 ClientNumberFromString
0    16f24 Cmd_Give_f
0    17148 Cmd_God_f
0    17191 Cmd_Notarget_f
0    171da Cmd_Noclip_f
0    17232 Cmd_LevelShot_f
0    1727f Cmd_TeamTask_f
0    172d6 Cmd_Kill_f
0    17324 BroadcastTeamChange
0    173aa AllowTeamSwitch^16
0    173fb SetTeam
0    176d3 StopFollowing
0    1774a Cmd_Team_f^16
0    17805 Cmd_Follow_f^16
0    178a5 Cmd_FollowCycle_f
0    1794f G_SayTo^16
0    179e0 G_Say^16
0    17b46 Cmd_Say_f^16
0    17b7f Cmd_Tell_f^16
0    17c0e Cmd_GameCommand_f
0    17c71 Cmd_Where_f
0    17d0a TokenizeAlphanumeric
0    17dd4 ValidVoteCommand^16
0    17fb0 Cmd_CallVote_f
0    181ad Cmd_Vote_f^16
0    18279 G_RevertVote
0    1839b Cmd_CallTeamVote_f^16
0    1870c Cmd_TeamVote_f^16
0    18810 Cmd_SetViewpos_f^16
0    18889 Cmd_DropFlag_f
0    188fa Cmd_DropRune_f
0    1895f Cmd_DropPowerup_f
0    189d1 Cmd_DropItem_f
0    18a02 Cmd_DropAmmo_f
0    18a70 Cmd_DropHealth_f
0    18abe Cmd_Drop_f
0    18d29 Cmd_RBounce_f
0    18d73 Cmd_Cloak_f
0    18dd2 Cmd_Boots_f
0    18e21 Cmd_Stats_f^16
0    18e24 Cmd_Rune_f^16
0    18f78 ClientCommand
0    192c6 ScorePlum
0    192fb AddScore
0    19348 TossClientItems
0    194b2 LookAtKiller
0    1954e GibEntity
0    19572 body_die
0    19592 CheckAlmostCapture
0    19668 CheckAlmostScored
0    19705 player_pain
0    19768 player_die
0    19bd1 CheckArmor
0    19c2e G_LocationDamage
0    19e9f G_Damage
0    1a34a CanDamage
0    1a50a G_RadiusDamage
0    1a693 G_WaterRadiusDamage
0    1a836 SpawnTime
0    1a8ec Pickup_Powerup
0    1aa53 Pickup_Holdable
0    1aa73 Add_Ammo^18
0    1aaaa Pickup_Ammo^18
0    1aae9 Pickup_Weapon^18
0    1abac Pickup_Health^18
0    1aca4 Pickup_Armor
0    1acf4 RespawnItem
0    1ade6 Touch_Item
0    1b0f5 LaunchItem
0    1b22f Drop_Item
0    1b288 Use_Item
0    1b291 FinishSpawningItem
0    1b3b6 G_CheckTeamItems
0    1b408 ClearRegisteredItems
0    1b474 RegisterItem
0    1b48c SaveRegisteredItems
0    1b4d4 G_ItemDisabled
0    1b4ed G_SpawnItem
0    1b5f9 G_BounceItem
0    1b741 G_RunItem
0    1b80e G_Alloc
0    1b85d G_InitMemory
0    1b863 Svcmd_GameMem_f
0    1b870 SP_info_camp
0    1b882 SP_info_null
0    1b88b SP_info_notnull
0    1b89d SP_light
0    1b8a6 TeleportPlayer_real^20
0    1bc76 TeleportPlayer
0    1bc89 SP_misc_teleporter_dest
0    1bcc5 SP_misc_model
0    1bcce locateCamera
0    1bdb4 SP_misc_portal_surface
0    1be12 SP_misc_portal_camera
0    1be62 Use_Shooter
0    1bf76 InitShooter_Finish^20
0    1bf9a InitShooter
0    1c004 SP_shooter_rocket
0    1c00f SP_shooter_plasma
0    1c01a SP_shooter_grenade
0    1c025 PortalDestroy
0    1c091 PortalDie^20
0    1c09a PortalTouch^20
0    1c222 PortalEnable^20
0    1c39a DropPortalDestination
0    1c5b0 DropPortalSource
0    1c7ab fire_grenade
0    1c7c1 G_BounceMissile
0    1c8d9 G_ExplodeMissile
0    1ca01 G_MissileDie
0    1ca24 G_MissileImpact
0    1cd60 G_RunMissile
0    1ce3a fire_plasma
0    1cf7b G_Suck^21
0    1d17b fire_grenade_real
0    1d2e8 fire_portal
0    1d41f fire_bfg
0    1d571 rocket_think
0    1d6db fire_rocket
0    1d8fc fire_grapple
0    1da5a G_TestEntityPosition
0    1dad2 G_CreateRotationMatrix
0    1daf4 G_TransposeMatrix
0    1db33 G_RotatePoint
0    1db9b G_TryPushingEntity
0    1de1a G_MoverPush
0    1e102 G_MoverTeam
0    1e25b G_RunMover
0    1e287 SetMoverState
0    1e49f MatchTeam
0    1e4c7 ReturnToPos1
0    1e4f8 ReturnToApos1
0    1e529 Reached_BinaryMover
0    1e66f Use_BinaryMover
0    1e881 InitMover
0    1e9ec InitRotator
0    1eb57 Blocked_Door
0    1ebcc Touch_DoorTriggerSpectator^22
0    1ec69 Touch_DoorTrigger
0    1ecde Think_SpawnNewDoorTrigger
0    1edd6 Think_MatchTeam
0    1edec SP_func_door_rotating
0    1eff2 SP_func_door
0    1f1b5 Touch_Plat
0    1f1df Touch_PlatCenterTrigger
0    1f208 SpawnPlatTrigger
0    1f2da SP_func_plat
0    1f3bf Touch_Button
0    1f3e2 SP_func_button
0    1f504 Think_BeginMoving
0    1f514 Reached_Train
0    1f5eb Think_SetupTrainTargets
0    1f6a2 SP_path_corner
0    1f6c3 SP_func_train
0    1f74e SP_func_static
0    1f779 SP_func_rotating
0    1f807 SP_func_bobbing
0    1f8a9 SP_func_pendulum
0    1f952 G_MapExist
0    1f99c G_LoadMap
0    1fa4a ParseMapRotation
0    1fc11 G_WriteClientSessionData
0    1fc67 G_ReadClientSessionData
0    1fccd G_ClearClientSessionData
0    1fcea G_InitSessionData
0    1fdd6 G_InitWorldSession
0    1fdfe G_WriteSessionData
0    1fe39 G_SpawnString
0    1fe85 G_SpawnFloat
0    1fea7 G_SpawnInt
0    1fec9 G_SpawnVector
0    1fef8 SP_item_botroam
0    1fefb G_CallSpawn
0    1ff7e G_NewString
0    20006 G_ParseField
0    200ec G_SpawnGEntityFromSpawnVars
0    201d9 G_AddSpawnVarToken
0    2021a G_ParseSpawnVars
0    202aa SP_worldspawn
0    2038f G_SpawnEntitiesFromString
0    203b8 StringToFilter^26
0    2047f UpdateIPBans^26
0    2052c G_FilterPacket
0    205d5 AddIP^26
0    2062b G_ProcessIPBans
0    20681 Svcmd_AddIP_f
0    206a1 Svcmd_RemoveIP_f
0    20707 Svcmd_EntityList_f
0    207c1 ClientForString
0    2085c Svcmd_ForceTeam_f
0    208a1 Svcmd_Freeze_f
0    2094e Svcmd_Rotate_f
0    209a5 ConsoleCommand
0    20ada Use_Target_Give
0    20b42 SP_target_give
0    20b4b Use_target_remove_powerups
0    20b8f SP_target_remove_powerups
0    20b98 Think_Target_Delay
0    20bab Use_Target_Delay
0    20be6 SP_target_delay
0    20c1d Use_Target_Score
0    20c3b SP_target_score
0    20c51 Use_Target_Print
0    20ce4 SP_target_print
0    20ced Use_Target_Speaker
0    20d5c SP_target_speaker
0    20e51 target_laser_think
0    20f7a target_laser_on
0    20f95 target_laser_off
0    20fa4 target_laser_use
0    20fc7 target_laser_start
0    21054 SP_target_laser
0    21066 target_teleporter_use
0    210a3 SP_target_teleporter
0    210ce target_relay_use
0    2115e SP_target_relay
0    21167 target_kill_use
0    21184 SP_target_kill
0    2118d SP_target_position
0    2119f target_location_linkup^27
0    21212 SP_target_location
0    21233 target_use_exec
0    21278 SP_target_exec
0    212bc target_earthquake
0    212d1 SP_target_earthquake
0    21338 target_player_stop
0    2135c SP_target_player_stop
0    21399 Team_InitGame
0    213c4 OtherTeam
0    213da TeamName
0    213f7 PrintMsg
0    2144d AddTeamScore
0    21538 OnSameTeam
0    2156c Team_SetFlagStatus^28
0    215dd Team_CheckDroppedItem
0    21617 Team_ForceGesture^28
0    21663 Team_FragBonuses
0    21b5b Team_CheckHurtCarrier
0    21bd6 Team_ResetFlag^28
0    21c40 Team_ResetFlags
0    21c51 Team_ReturnFlagSound^28
0    21c79 Team_TakeFlagSound^28
0    21cd3 Team_CaptureFlagSound^28
0    21cfb Team_ReturnFlag
0    21d30 Team_FreeEntity
0    21d64 Team_DroppedFlagThink
0    21da5 Team_TouchOurFlag^28
0    22009 Team_TouchEnemyFlag^28
0    22061 Pickup_Team
0    220dd Team_GetLocation
0    2215b Team_GetLocationMsg
0    221c2 SelectRandomTeamSpawnPoint
0    22279 SelectCTFSpawnPoint
0    222c4 SortClients^28
0    222cf TeamplayInfoMessage
0    22402 CheckTeamStatus
0    224bb SP_team_CTF_redplayer
0    224be SP_team_CTF_blueplayer
0    224c1 SP_team_CTF_redspawn
0    224c4 SP_team_CTF_bluespawn
0    224c7 InitTrigger
0    22502 multi_wait
0    2250b multi_trigger
0    225ae Use_Multi
0    225ba Touch_Multi
0    225cf SP_trigger_multiple
0    22629 trigger_always_think
0    2263f SP_trigger_always
0    22651 trigger_push_touch
0    22692 AimAtTarget
0    22788 SP_trigger_push
0    227c9 Use_target_push
0    22819 SP_target_push
0    228bd trigger_teleporter_touch
0    22917 SP_trigger_teleport
0    22997 hurt_use
0    229af hurt_touch
0    22a65 SP_trigger_hurt
0    22ab6 func_timer_think
0    22af0 func_timer_use
0    22b13 SP_func_timer
0    22b85 AddRemap
0    22c00 BuildShaderStateConfig
0    22c46 G_FindConfigstringIndex
0    22cba G_ModelIndex
0    22ccd G_SoundIndex
0    22ce0 G_TeamCommand
0    22d19 G_Find
0    22d78 G_PickTarget
0    22de4 G_UseTargets
0    22e7a vtos
0    22eba G_SetMovedir
0    22f04 vectoyaw
0    22f53 G_InitGentity
0    22f7b G_Spawn
0    23022 G_FreeEntity
0    23055 G_TempEntity
0    230af G_KillBox
0    23162 G_AddPredictableEvent
0    2317f G_AddEvent
0    231fb G_Sound
0    23214 G_SetOrigin
0    2324d G_ResetHistory
0    232c1 G_StoreHistory
0    2332d TimeShiftLerp^31
0    23386 G_TimeShiftClient
0    234d6 G_TimeShiftAllClients
0    23530 G_DoTimeShiftFor
0    23576 G_UnTimeShiftClient
0    235bb G_UnTimeShiftAllClients
0    23611 G_UndoTimeShiftFor
0    23637 G_PredictPlayerClipVelocity^31
0    236af G_PredictPlayerSlideMove
0    2398a G_PredictPlayerStepSlideMove
0    23a3f G_PredictPlayerMove
0    23a4b CalcMuzzlePointOrigin
0    23aaa G_BounceProjectile
0    23b57 Weapon_Gauntlet
0    23b5a CheckGauntletAttack
0    23c86 SnapVectorTowards
0    23d1c Bullet_Fire^32
0    23ee3 BFG_Fire
0    23f3b ShotgunPellet^32
0    23fc6 ShotgunPattern^32
0    240a3 weapon_supershotgun_fire^32
0    24119 SpreadFire_Powerup^32
0    2422b weapon_grenadelauncher_fire
0    24280 Weapon_RocketLauncher_Fire
0    24304 Weapon_Plasmagun_Fire
0    24338 weapon_railgun_fire
0    245ab Weapon_GrapplingHook_Fire
0    245d9 Weapon_HookFree
0    24606 Weapon_HookThink
0    24692 Weapon_LightningFire
0    24880 Laser_Think
0    24955 Laser_Gen
0    249e3 dropWeapon
0    24a58 ThrowWeapon
0    24b39 LogAccuracyHit
0    24b90 FireWeapon
0    24c79 Q_rand
0    24c8e Q_random
0    24ca0 Q_crandom
0    24cb1 VectorCompare
0    24cdf VectorLength
0    24d10 VectorLengthSquared
0    24d3a Distance
0    24d71 VectorInverse
0    24d95 CrossProduct
0    24dee DirToByte
0    24e49 ByteToDir
0    24e67 vectoangles
0    24f15 ProjectPointOnPlane
0    24fcc Q_fabs
0    24fdc AngleMod
0    24ff2 AngleNormalize360
0    25000 AngleNormalize180
0    2501f RadiusFromBounds
0    2507a AddPointToBounds
0    250f7 VectorNormalize
0    25161 VectorNormalize2
0    251dd AngleVectors
0    252cf PerpendicularVector
0    25331 COM_BeginParseSession
0    25346 COM_Parse
0    25355 COM_ParseWarning
0    25375 SkipWhitespace^34
0    253b4 COM_ParseExt
0    25515 SkipRestOfLine
0    2554f Com_InitSeparators
0    25561 SkipTillSeparators
0    255a4 COM_ParseSep
0    2572c Com_Split
0    25816 Q_strrchr
0    2584a Q_strncpyz
0    2588d Q_stricmpn
0    2591c Q_strncmp
0    25972 Q_stricmp
0    259f3 Q_strcat
0    25a1f Q_CleanStr
0    25a80 Com_sprintf
0    25aaf va
0    25ade Q_strkey^34
0    25b1d Info_ValueForKey
0    25c0d Info_RemoveKey^34
0    25cb3 Info_Validate
0    25ce4 Info_ValidateKeyValue
0    25d1d Info_SetValueForKey
0   2e9348 _stackStart
0   2f9348 _stackEnd
1        4 gameCvarTable^0
1      edc VEC_UP^4
1      ee8 MOVEDIR_UP^4
1      ef4 VEC_DOWN^4
1      f00 MOVEDIR_DOWN^4
1     107c randSeed^8
1     1080 bg_itemlist
1     2434 bg_numItems
1     2520 pm_stopspeed
1     2524 pm_duckScale
1     2528 pm_swimScale
1     252c pm_ladderScale
1     2530 pm_ladderfriction
1     2534 pm_ladderAccelerate
1     2538 pm_accelerate
1     253c pm_airaccelerate
1     2540 pm_wateraccelerate
1     2544 pm_flyaccelerate
1     2548 pm_friction
1     254c pm_waterfriction
1     2550 pm_flightfriction
1     2554 pm_spectatorfriction
1     2558 c_pmove
1     255c pm_respawntimer^10
1     25b0 offsetFirst^13
1     25bc offsetSecond^13
1     25c8 offsetThird^13
1     25d4 playerMins
1     25e0 playerMaxs
1     2614 gc_orders^16
1     2630 voteCommands^16
1     2660 modNames
1     2730 PORTAL_SIZE^20
1     275c fields
1     2864 spawns
1     2a88 num_target_execs
1     2a8c remapCount
1     2ae8 vec3_origin
1     2af4 bytedirs
2     6499 ctfFlagStatusRemap^28
2     649e oneFlagStatusRemap^28
2     68f3 locase
3      f00 trap_GetValue
3      f04 g_callvotable
3     1014 wp_grappleCycle
3     1124 wp_bfgCycle
3     1234 wp_railCycle
3     1344 wp_plasmaCycle
3     1454 wp_rocketCycle
3     1564 wp_grenadeCycle
3     1674 wp_machineCycle
3     1784 wp_shotgunCycle
3     1894 wp_lightCycle
3     19a4 wp_gauntCycle
3     1ab4 g_wallWalk
3     1bc4 g_listEntity
3     1cd4 g_podiumDrop
3     1de4 g_podiumDist
3     1ef4 g_logSync
3     2004 g_log
3     2114 g_maxclients
3     2224 g_clients
3    1b924 svf_self_portal2
3    1b928 g_hotBFG
3    1ba38 g_hotRockets
3    1bb48 g_instagib
3    1bc58 g_unholyTrinity
3    1bd68 g_enableBoots
3    1be78 g_locDamage
3    1bf88 g_dropWeapon
3    1c098 g_vortexGrenades
3    1c1a8 g_clusterGrenades
3    1c2b8 g_enableCloak
3    1c3c8 wp_rocketAccel
3    1c4d8 wp_rocketVuln
3    1c5e8 wp_plasmaBounce
3    1c6f8 wp_rocketBounce
3    1c808 wp_bfgBounce
3    1c918 wp_railBounce
3    1ca28 wp_rocketHoming
3    1cb38 g_thawTime
3    1cc48 g_flagReturn
3    1cd58 g_altGrapple
3    1ce68 g_altPortal
3    1cf78 wp_portalEnable
3    1d088 wp_grappleTime
3    1d198 wp_grappleSpeed
3    1d2a8 wp_grappleDamage
3    1d3b8 wp_grapplePull
3    1d4c8 wp_grappleEnable
3    1d5d8 wp_bfgTime
3    1d6e8 wp_bfgSpeed
3    1d7f8 wp_bfgRadius
3    1d908 wp_bfgSplash
3    1da18 wp_bfgDamage
3    1db28 wp_railDamage
3    1dc38 wp_plasmaTime
3    1dd48 wp_plasmaSpeed
3    1de58 wp_plasmaRadius
3    1df68 wp_plasmaSplash
3    1e078 wp_plasmaDamage
3    1e188 wp_rocketTime
3    1e298 wp_rocketSpeed
3    1e3a8 wp_rocketRadius
3    1e4b8 wp_rocketSplash
3    1e5c8 wp_rocketDamage
3    1e6d8 wp_grenadeTime
3    1e7e8 wp_grenadeSpeed
3    1e8f8 wp_grenadeRadius
3    1ea08 wp_grenadeSplash
3    1eb18 wp_grenadeDamage
3    1ec28 wp_machineDamageTeam
3    1ed38 wp_machineDamage
3    1ee48 wp_shotgunDamage
3    1ef58 wp_lightDamage
3    1f068 wp_gauntDamage
3    1f178 g_jumpVelocity
3    1f288 g_hasteFactor
3    1f398 g_predictPVS
3    1f4a8 g_unlagged
3    1f5b8 g_rotation
3    1f6c8 pmove_msec
3    1f7d8 pmove_fixed
3    1f8e8 g_smoothClients
3    1f9f8 g_filterBan
3    1fb08 g_banIPs
3    1fc18 g_teamForceBalance
3    1fd28 g_autoJoin
3    1fe38 g_allowVote
3    1ff48 g_blood
3    20058 g_warmup
3    20168 g_motd
3    20278 g_synchronousClients
3    20388 g_weaponTeamRespawn
3    20498 g_weaponRespawn
3    205a8 g_debugDamage
3    206b8 g_debugAlloc
3    207c8 g_debugMove
3    208d8 g_inactivity
3    209e8 g_forcerespawn
3    20af8 g_quadfactor
3    20c08 g_knockback
3    20d18 g_speed
3    20e28 g_gravity
3    20f38 g_needpass
3    21048 g_password
3    21158 g_friendlyFire
3    21268 g_capturelimit
3    21378 g_timelimit
3    21488 g_fraglimit
3    21598 g_dmflags
3    216a8 g_restarted
3    217b8 g_maxGameClients
3    218c8 g_cheats
3    219d8 g_dedicated
3    21ae8 g_fps
3    21bf8 g_mapname
3    21d08 g_gametype
3    21e18 g_entities
3   1f3e18 level
3   1f6c98 notleader
3   1f6d98 nodeswitch
3   1f8a48 numnodeswitches
3   1f8a4c blue_numaltroutegoals
3   1f8a50 blue_altroutegoals
3   1f8d50 red_numaltroutegoals
3   1f8d54 red_altroutegoals
3   1f9054 altroutegoals_setup
3   1f9058 max_bspmodelindex
3   1f905c lastteleport_time
3   1f9060 lastteleport_origin
3   1f906c bot_spSkill
3   1f917c bot_predictobstacles
3   1f928c botai_freewaypoints
3   1f9290 botai_waypoints
3   1fc490 ctf_blueflag
3   1fc4c8 ctf_redflag
3   1fc500 bot_challenge
3   1fc610 bot_testrchat
3   1fc720 bot_nochat
3   1fc830 bot_fastchat
3   1fc940 bot_rocketjump
3   1fca50 bot_grapple
3   1fcb60 bot_instagib
3   1fcc70 gametype
3   1fdc84 bot_interbreedwrite
3   1fdd94 bot_interbreedcycle
3   1fdea4 bot_interbreedbots
3   1fdfb4 bot_interbreedchar
3   1fe0c4 bot_developer
3   1fe1d4 bot_testclusters
3   1fe2e4 bot_testsolid
3   1fe3f4 bot_report
3   1fe504 bot_pause
3   1fe614 bot_saveroutingcache
3   1fe724 bot_memorydump
3   1fe834 bot_thinktime
3   1fe944 bot_interbreedmatchcount
3   1fe948 bot_interbreed
3   1fe94c regularupdate_time
3   1fe950 numbots
3   1fe954 botstates
3   1fea54 mapname
3   1fea94 floattime
3   1fea98 ctftaskpreferences
3   1ff498 destinationsAngles
3   1ff49c destinations
3   1ff4a0 portalsAngles
3   1ff4a4 portals
3   1ff4a8 items
3   1ff4ac pml
3   1ff53c pm
3   1ffc88 podium3
3   1ffc8c podium2
3   1ffc90 podium1
3   1ffc98 bot_minplayers
3   1ffda8 botSpawnQueue^14
3   1ffe28 g_arenaInfos^14
3   200e28 g_numArenas
3   200e2c g_botInfos^14
3   201e2c g_numBots^14
3   201e30 ban_reason^15
3   202330 props^16
3   204334 itemRegistered
3   204734 allocPoint^19
3   204738 memoryPool^19
3   2c4738 pushed_p
3   2c473c pushed
3   2cc73c numIPFilters^26
3   2cc740 ipFilters^26
3   2ce740 target_execs
3   2ce9c0 teamgame
3   2cfae8 remappedShaders
3   2d3ce8 muzzle_origin^32
3   2d3cf4 muzzle^32
3   2d3d00 up^32
3   2d3d0c right^32
3   2d3d18 forward^32
3   2d3d24 s_quadFactor^32
3   2e8740 is_separator^34
3   2e8b40 com_tokenline^34
3   2e8b44 com_lines^34
3   2e8b48 com_parsename^34
3   2e8f48 com_token^34
