0 ffffff96 atan2
0 ffffff97 cos
0 ffffff98 sin
0 ffffff99 strncpy
0 ffffff9a memcpy
0 ffffff9b memset
0 ffffffae trap_VerifyCDKey
0 ffffffbd trap_LAN_GetServerAddressString
0 ffffffbe trap_LAN_GetServerCount
0 ffffffc9 trap_SetCDKey
0 ffffffca trap_GetCDKey
0 ffffffcb trap_MemoryRemaining
0 ffffffcc trap_Cvar_Update
0 ffffffcd trap_Cvar_Register
0 ffffffce trap_LAN_GetPingInfo
0 ffffffcf trap_LAN_GetPing
0 ffffffd0 trap_LAN_ClearPing
0 ffffffd1 trap_LAN_GetPingQueueCount
0 ffffffd2 trap_GetConfigString
0 ffffffd3 trap_GetClientState
0 ffffffd4 trap_GetGlconfig
0 ffffffd5 trap_GetClipboardData
0 ffffffd6 trap_Key_SetCatcher
0 ffffffd7 trap_Key_GetCatcher
0 ffffffd8 trap_Key_ClearStates
0 ffffffd9 trap_Key_SetOverstrikeMode
0 ffffffda trap_Key_GetOverstrikeMode
0 ffffffdb trap_Key_IsDown
0 ffffffdc trap_Key_SetBinding
0 ffffffdd trap_Key_GetBindingBuf
0 ffffffde trap_Key_KeynumToStringBuf
0 ffffffdf trap_S_StartLocalSound
0 ffffffe0 trap_S_RegisterSound
0 ffffffe2 trap_CM_LerpTag
0 ffffffe4 trap_R_DrawStretchPic
0 ffffffe5 trap_R_SetColor
0 ffffffe6 trap_R_RenderScene
0 ffffffe7 trap_R_AddLightToScene
0 ffffffe9 trap_R_AddRefEntityToScene
0 ffffffea trap_R_ClearScene
0 ffffffeb trap_R_RegisterShaderNoMip
0 ffffffec trap_R_RegisterSkin
0 ffffffed trap_R_RegisterModel
0 ffffffee trap_FS_GetFileList
0 ffffffef trap_FS_FCloseFile
0 fffffff1 trap_FS_Read
0 fffffff2 trap_FS_FOpenFile
0 fffffff3 trap_Cmd_ExecuteText
0 fffffff4 trap_Argv
0 fffffff8 trap_Cvar_Reset
0 fffffff9 trap_Cvar_SetValue
0 fffffffa trap_Cvar_VariableStringBuffer
0 fffffffb trap_Cvar_VariableValue
0 fffffffc trap_Cvar_Set
0 fffffffd trap_Milliseconds
0 fffffffe trap_Print
0 ffffffff trap_Error
0        0 vmMain
0       7c UI_RegisterCvars
0       b9 UI_UpdateCvars
0       dc UI_VideoCheck
0      172 BG_StripColor
0      1cb Q_stristr
0      22c Q_strlen
0      24b AddInt^1
0      326 AddFloat^1
0      43b AddString^1
0      4cd ED_vsprintf
0      6bd BG_sprintf
0      6da swapfunc^2
0      761 med3^2
0      7f4 qsort
0      ba7 strlen
0      bc2 strcat
0      bfc strcpy
0      c28 strcmp
0      c64 strchr
0      c94 strstr
0      ce2 tolower
0      cfa toupper
0      d12 memmove
0      d65 tan
0      d7c rand
0      d92 atof
0      e53 atoi
0      ecb abs
0      ee4 fabs
0      efd UI_AddBotsMenu_FightEvent^3
0      f3f UI_AddBotsMenu_BotEvent^3
0      f61 UI_AddBotsMenu_BackEvent^3
0      f6d UI_AddBotsMenu_SetBotNames^3
0      fa8 UI_AddBotsMenu_UpEvent^3
0      fc3 UI_AddBotsMenu_DownEvent^3
0      fe1 UI_AddBotsMenu_SortCompare^3
0     102b UI_AddBotsMenu_GetSortedBotNums^3
0     1053 UI_AddBotsMenu_Draw^3
0     1075 UI_AddBotsMenu_Init^3
0     125f UI_AddBots_Cache
0     128a UI_AddBotsMenu
0     1295 Com_Error
0     12ae Com_Printf
0     12c7 Com_DPrintf
0     12e4 UI_ClampCvar
0     1302 FilterBreadCrumb
0     1380 UI_GetBreadCrumb
0     13c4 UI_SetBreadCrumb
0     13e6 UI_PushMenu
0     1488 UI_PopMenu
0     14bf UI_ForceMenuOff
0     14de UI_LerpColor
0     154b UI_DrawBannerString2^4
0     1618 UI_DrawBannerString
0     16c1 UI_ProportionalStringWidth
0     1704 UI_DrawProportionalString2^4
0     17d8 UI_ProportionalSizeScale
0     17e7 UI_DrawProportionalString
0     194c UI_DrawProportionalString_AutoWrapped
0     1a48 UI_DrawString2^4
0     1b32 UI_DrawString
0     1c48 UI_DrawChar
0     1c63 UI_IsFullscreen
0     1c7e NeedCDAction^4
0     1c8c NeedCDKeyAction^4
0     1c9a UI_SetActiveMenu
0     1ce8 UI_KeyEvent
0     1d38 UI_MouseEvent
0     1e52 UI_Argv
0     1e61 UI_Cvar_VariableString
0     1e70 UI_Cache_f
0     1eca UI_ConsoleCommand
0     1f8b UI_Shutdown
0     1f8e UI_Init
0     1fa9 UI_AdjustFrom640
0     1fe6 UI_DrawNamedPic
0     2019 UI_DrawHandlePic
0     2073 UI_DrawCursor^4
0     209b UI_FillRect
0     20ce UI_DrawRect
0     2155 UI_SetColor
0     215e UI_Refresh
0     2249 UI_CursorInRect
0     2278 UI_CDKeyMenu_Event^5
0     22a4 UI_CDKeyMenu_PreValidateKey^5
0     22fd UI_CDKeyMenu_DrawKey^5
0     23d0 UI_CDKeyMenu_Init^5
0     24a7 UI_CDKeyMenu_Cache
0     24c3 UI_CDKeyMenu
0     24ce UI_CDKeyMenu_f
0     24d4 UI_CinematicsMenu_BackEvent^6
0     24e0 UI_CinematicsMenu_Event^6
0     252d UI_CinematicsMenu_Init^6
0     2803 UI_CinematicsMenu_Cache
0     281a UI_CinematicsMenu
0     2825 UI_CinematicsMenu_f
0     2849 ConfirmMenu_Event^7
0     286f ConfirmMenu_Key^7
0     28c9 ConfirmMenu_Draw^7
0     2903 ConfirmMenu_Cache
0     290b UI_ConfirmMenu_Style
0     29d2 UI_ConfirmMenu
0     29e3 UI_ReadableSize^8
0     2a8e UI_PrintTime^8
0     2ae1 UI_DisplayDownloadInfo^8
0     2d2f UI_DrawConnectScreen
0     2e40 Controls_InitCvars^9
0     2e90 Controls_GetCvarDefault^9
0     2ecb Controls_GetCvarValue^9
0     2f06 Controls_UpdateModel^9
0     2ff4 Controls_Update^9
0     31f6 Controls_DrawKeyBinding^9
0     3389 Controls_StatusBar^9
0     3399 Controls_DrawPlayer^9
0     33ee Controls_GetKeyAssignment^9
0     344c Controls_GetConfig^9
0     3531 Controls_SetConfig^9
0     35ee Controls_SetDefaults^9
0     3683 Controls_MenuKey^9
0     3800 Controls_ResetDefaults_Action^9
0     3812 Controls_ResetDefaults_Draw^9
0     382f Controls_MenuEvent^9
0     38c4 Controls_ActionEvent^9
0     38f4 Controls_InitModel^9
0     3913 Controls_InitWeapons^9
0     3938 Controls_MenuInit^9
0     3e83 Controls_Cache
0     3e9a UI_ControlsMenu
0     3ea5 UI_CreditMenu_Key^10
0     3ebb UI_CreditMenu_Draw^10
0     406f UI_CreditMenu
0     4089 Demos_DrawFilter^11
0     4172 UI_DemosSavePosition^11
0     418b UI_DemosRestorePosition^11
0     41a4 UI_DemosReadDir^11
0     4310 UI_UpdateDirectory^11
0     439e UI_DemoClick^11
0     442d Demos_MenuEvent^11
0     4493 UI_DemosDblclick^11
0     4499 UI_DemosMenu_Key^11
0     44f9 UI_cstrdiff
0     4540 UI_cstricmp
0     4603 compare_entries^11
0     4643 UI_demosort^11
0     4706 UI_DemosFillList^11
0     48b8 Demos_MenuInit^11
0     4a7b Demos_Cache
0     4aa1 UI_DemosMenu
0     4aac UI_DisplayOptionsMenu_Event^12
0     4aff UI_DisplayOptionsMenu_Init^12
0     4c8b UI_DisplayOptionsMenu_Cache
0     4ca2 UI_DisplayOptionsMenu
0     4cb4 UI_Alloc
0     4ce2 UI_InitMemory
0     4ceb UI_ParseInfos
0     4de1 UI_LoadArenasFromFile^13
0     4e61 UI_LoadArenas
0     506e UI_GetArenaInfoByNumber
0     50d1 UI_GetArenaInfoByMap
0     5110 UI_GetSpecialArenaInfo
0     514f UI_LoadBotsFromFile^13
0     51d8 UI_LoadBots
0     525e UI_GetBotInfoByNumber
0     5289 UI_GetBotInfoByName
0     52cc UI_GetBestScore
0     5352 UI_SetBestScore
0     53d9 UI_LogAwardData
0     543c UI_GetAwardLevel
0     5466 UI_TierCompleted
0     54fd UI_ShowTierVideo
0     554f UI_CanShowTierVideo
0     5598 UI_GetCurrentGame
0     562b UI_NewGame
0     565f UI_GetNumArenas
0     5665 UI_GetNumSPArenas
0     566b UI_GetNumSPTiers
0     5673 UI_GetNumBots
0     5679 UI_SPUnlock_f
0     56cf UI_SPUnlockMedals_f
0     5709 UI_InitGameinfo
0     572f InGame_RestartAction^14
0     5742 InGame_QuitAction^14
0     5751 InGame_Event
0     57b1 InGame_MenuInit
0     5a2d InGame_Cache
0     5a35 UI_InGameMenu
0     5a49 MainMenu_ExitAction^16
0     5a58 Main_MenuEvent
0     5aaf MainMenu_Cache
0     5abf ErrorMessage_Key
0     5acf Main_MenuDraw^16
0     5bc5 UI_TeamArenaExists^16
0     5c25 UI_MainMenu
0     5e0e MField_Draw
0     5f38 MField_Paste
0     5f6d MField_KeyDownEvent
0     60c2 MField_CharEvent
0     6223 MField_Clear
0     623a MenuField_Init
0     62b9 MenuField_Draw
0     639c MenuField_Key
0     646e UI_Mods_MenuEvent^18
0     64a4 UI_Mods_ParseInfos^18
0     650e UI_Mods_LoadMods^18
0     6595 UI_Mods_MenuInit^18
0     666a UI_ModsMenu_Cache
0     668b UI_ModsMenu
0     6696 UI_NetworkOptionsMenu_Event^19
0     6712 UI_NetworkOptionsMenu_Init^19
0     687d UI_NetworkOptionsMenu_Cache
0     6894 UI_NetworkOptionsMenu
0     68a6 PlayerModel_UpdateGrid^21
0     69aa PlayerModel_UpdateModel^21
0     69e0 PlayerModel_SaveChanges^21
0     69f1 PlayerModel_MenuEvent^21
0     6a40 PlayerModel_MenuKey^21
0     6b55 PlayerModel_PicEvent^21
0     6c50 PlayerModel_DrawPlayer^21
0     6ca4 PlayerModel_BuildList^21
0     6dd1 PlayerModel_SetMenuItems^21
0     6e9b PlayerModel_MenuInit^21
0     713b PlayerModel_Cache
0     717a UI_PlayerModelMenu
0     7193 UI_PlayerInfo_SetWeapon^22
0     7352 UI_ForceLegsAnim^22
0     7374 UI_SetLegsAnim^22
0     7398 UI_ForceTorsoAnim^22
0     73cc UI_SetTorsoAnim^22
0     73f0 UI_TorsoSequencing^22
0     7472 UI_LegsSequencing^22
0     74c7 UI_PositionEntityOnTag^22
0     757b UI_PositionRotatedEntityOnTag^22
0     7631 UI_SetLerpFrameAnimation^22
0     7682 UI_RunLerpFrame^22
0     77ab UI_PlayerAnimation^22
0     7867 UI_SwingAngles^22
0     7968 UI_MovedirAdjustment^22
0     7a13 UI_PlayerAngles^22
0     7b11 UI_PlayerFloatSprite^22
0     7b39 UI_MachinegunSpinAngle^22
0     7bd1 UI_DrawPlayer
0     7f1f UI_RegisterClientSkin^22
0     7f9d UI_ParseAnimationFile^22
0     8207 UI_RegisterClientModelname
0     8325 UI_PlayerInfo_SetModel
0     837d UI_PlayerInfo_SetInfo
0     8567 PlayerSettings_DrawName^23
0     8699 PlayerSettings_DrawHandicap^23
0     8706 PlayerSettings_DrawEffects^23
0     87c4 PlayerSettings_DrawPlayer^23
0     882e PlayerSettings_SaveChanges^23
0     8850 PlayerSettings_MenuKey^23
0     886e PlayerSettings_SetMenuItems^23
0     88ec PlayerSettings_MenuEvent^23
0     892f PlayerSettings_Reinit^23
0     8956 PlayerSettings_MenuInit^23
0     8ae0 PlayerSettings_Cache
0     8b15 UI_PlayerSettingsMenu
0     8b20 Preferences_SetMenuItems^24
0     8c0c Preferences_Event^24
0     8cd8 Crosshair_Draw^24
0     8dc1 Preferences_MenuInit^24
0     8ff9 Preferences_Cache
0     9038 UI_PreferencesMenu
0     9043 Text_Init^25
0     9054 Text_Draw^25
0     90b9 BText_Init^25
0     90ca BText_Draw^25
0     910c PText_Init^25
0     919d PText_Draw^25
0     9209 Bitmap_Init
0     9290 Bitmap_Draw
0     946c Action_Init^25
0     94bc Action_Draw^25
0     955e RadioButton_Init^25
0     95b2 RadioButton_Key^25
0     9648 RadioButton_Draw^25
0     9759 Slider_Init^25
0     97ad Slider_Key^25
0     98b1 Slider_Draw^25
0     99b6 SpinControl_Init^25
0     9a59 SpinControl_Key^25
0     9b14 SpinControl_Draw^25
0     9bf6 ScrollList_Init^25
0     9caa ScrollList_Key
0     a3d4 ScrollList_Draw
0     a4dd Menu_AddItem
0     a5cf Menu_CursorMoved
0     a654 Menu_SetCursor
0     a681 Menu_SetCursorToItem
0     a6b7 Menu_AdjustCursor
0     a760 Menu_Draw
0     a8a6 Menu_ItemAtCursor
0     a8ce Menu_ActivateItem
0     a8f8 Menu_DefaultKey
0     aad4 Menu_Cache
0     abb7 UI_RemoveBotsMenu_SetBotNames^26
0     ac06 UI_RemoveBotsMenu_DeleteEvent^26
0     ac28 UI_RemoveBotsMenu_BotEvent^26
0     ac4a UI_RemoveBotsMenu_BackEvent^26
0     ac56 UI_RemoveBotsMenu_UpEvent^26
0     ac71 UI_RemoveBotsMenu_DownEvent^26
0     ac8f UI_RemoveBotsMenu_GetBots^26
0     acfa UI_RemoveBots_Cache
0     ad16 UI_RemoveBotsMenu_Init^26
0     aeb0 UI_RemoveBotsMenu
0     aebb Favorites_Add
0     af2d ServerInfo_Event^28
0     af58 ServerInfo_MenuKey^28
0     af67 ServerInfo_Cache
0     af8b UI_ServerInfoMenu
0     b12f ArenaServers_DrawFilter^29
0     b232 ArenaServers_MaxPing^29
0     b24a ArenaServers_Compare^29
0     b352 ArenaServers_Go^29
0     b373 ArenaServers_Dblclick^29
0     b379 ArenaServers_UpdatePicture^29
0     b3a2 ArenaServers_UpdateList^29
0     b4d9 ArenaServers_UpdateMenu^29
0     b5fb ArenaServers_Remove^29
0     b6c2 UI_CleanStr^29
0     b77f ArenaServers_Insert^29
0     b964 ArenaServers_LoadFavorites
0     ba38 ArenaServers_StopRefresh^29
0     ba63 ArenaServers_DoRefresh^29
0     bc1b ArenaServers_StartRefresh^29
0     bccd ArenaServers_SaveChanges
0     bd17 ArenaServers_Sort
0     bd33 ArenaServers_SetType
0     bdb7 ArenaServers_Event^29
0     beae ArenaServers_MenuDraw^29
0     bebd ArenaServers_MenuKey^29
0     bf2c ArenaServers_MenuInit^29
0     c2cf ArenaServers_Cache
0     c318 UI_ArenaServersMenu
0     c323 Setup_ResetDefaults_Action^30
0     c341 Setup_ResetDefaults_Draw^30
0     c35e UI_SetupMenu_Event^30
0     c3a5 UI_SetupMenu_Init^30
0     c537 UI_SetupMenu_Cache
0     c54e UI_SetupMenu
0     c559 UI_SoundOptionsMenu_Event^31
0     c5da UI_SoundOptionsMenu_Init^31
0     c793 UI_SoundOptionsMenu_Cache
0     c7aa UI_SoundOptionsMenu
0     c7bc UI_SPArena_Start
0     c850 SpecifyServer_Event^33
0     c8aa SpecifyServer_MenuInit
0     c99d SpecifyServer_Cache
0     c9c1 UI_SpecifyServerMenu
0     c9cc PlayerIcon^34
0     ca31 PlayerIconHandle^34
0     ca47 UI_SPLevelMenu_SetBots^34
0     cb26 UI_SPLevelMenu_SetMenuArena^34
0     cbe7 UI_SPLevelMenu_SetMenuItems^34
0     cdac UI_SPLevelMenu_ResetDraw^34
0     cde3 UI_SPLevelMenu_ResetAction^34
0     cdfc UI_SPLevelMenu_ResetEvent^34
0     ce0e UI_SPLevelMenu_LevelEvent^34
0     ce56 UI_SPLevelMenu_LeftArrowEvent^34
0     ce74 UI_SPLevelMenu_RightArrowEvent^34
0     ce92 UI_SPLevelMenu_PlayerEvent^34
0     ce9e UI_SPLevelMenu_AwardEvent^34
0     cebd UI_SPLevelMenu_NextEvent^34
0     ceda UI_SPLevelMenu_BackEvent^34
0     ceed UI_SPLevelMenu_CustomEvent^34
0     cefb UI_SPLevelMenu_MenuDraw^34
0     d1f6 UI_SPLevelMenu_Cache
0     d2cb UI_SPLevelMenu_Init^34
0     d5fd UI_SPLevelMenu
0     d6aa UI_SPLevelMenu_f
0     d6b8 UI_SPLevelMenu_ReInit
0     d6be UI_SPPostgameMenu_AgainEvent^35
0     d6d1 UI_SPPostgameMenu_NextEvent^35
0     d731 UI_SPPostgameMenu_MenuEvent^35
0     d744 UI_SPPostgameMenu_MenuKey^35
0     d79d UI_SPPostgameMenu_DrawAwardsMedals^35
0     d820 UI_SPPostgameMenu_DrawAwardsPresentation^35
0     d897 UI_SPPostgameMenu_MenuDrawScoreLine^35
0     d924 UI_SPPostgameMenu_MenuDraw^35
0     daac UI_SPPostgameMenu_Cache
0     db16 UI_SPPostgameMenu_Init^35
0     db9a Prepname^35
0     dbfd UI_SPPostgameMenu_f
0     df35 SetSkillColor^36
0     df68 UI_SPSkillMenu_SkillEvent^36
0     dfbf UI_SPSkillMenu_FightEvent^36
0     dfce UI_SPSkillMenu_BackEvent^36
0     dfe2 UI_SPSkillMenu_Key^36
0     e005 UI_SPSkillMenu_Cache
0     e06b UI_SPSkillMenu_Init^36
0     e1f8 UI_SPSkillMenu
0     e20e GametypeBits^37
0     e29a StartServer_Update^37
0     e403 StartServer_MapEvent^37
0     e41d StartServer_GametypeEvent^37
0     e4af StartServer_MenuEvent^37
0     e513 StartServer_LevelshotDraw^37
0     e66f StartServer_MenuInit^37
0     e8ee StartServer_Cache
0     e983 UI_StartServerMenu
0     e992 BotAlreadySelected^37
0     e9de ServerOptions_Start^37
0     ec11 ServerOptions_InitPlayerItems^37
0     ecbf ServerOptions_SetPlayerItems^37
0     ed5b ServerOptions_Event^37
0     ed9f ServerOptions_PlayerNameEvent^37
0     edbd ServerOptions_StatusBar^37
0     edd6 ServerOptions_LevelshotDraw^37
0     ee63 ServerOptions_InitBotNames^37
0     efb4 ServerOptions_SetMenuItems^37
0     f162 PlayerName_Draw^37
0     f23b ServerOptions_MenuInit^37
0     f60d ServerOptions_Cache
0     f62e UI_ServerOptionsMenu^37
0     f63c UI_BotSelectMenu_SortCompare^37
0     f686 UI_BotSelectMenu_BuildList^37
0     f6d0 ServerPlayerIcon^37
0     f735 UI_BotSelectMenu_UpdateGrid^37
0     f8a5 UI_BotSelectMenu_Default^37
0     f918 UI_BotSelectMenu_LeftEvent^37
0     f939 UI_BotSelectMenu_RightEvent^37
0     f95d UI_BotSelectMenu_BotEvent^37
0     f9c3 UI_BotSelectMenu_BackEvent^37
0     f9cf UI_BotSelectMenu_SelectEvent^37
0     f9ee UI_BotSelectMenu_Cache
0     fa1e UI_BotSelectMenu_Init^37
0     fc75 UI_BotSelectMenu
0     fc83 TeamMain_MenuEvent^38
0     fcd1 TeamMain_MenuInit
0     fe06 TeamMain_Cache
0     fe0e UI_TeamMainMenu
0     fe19 UI_TeamOrdersMenu_BackEvent^39
0     fe25 UI_TeamOrdersMenu_SetList^39
0     fe66 UI_TeamOrdersMenu_Key
0     ff88 UI_TeamOrdersMenu_ListDraw^39
0    10002 UI_TeamOrdersMenu_ListEvent^39
0    1007c UI_TeamOrdersMenu_BuildBotList^39
0    10163 UI_TeamOrdersMenu_Init^39
0    101fa UI_TeamOrdersMenu_Cache
0    1020c UI_TeamOrdersMenu
0    10217 UI_TeamOrdersMenu_f
0    10261 DriverInfo_Event^40
0    1027a DriverInfo_MenuDraw^40
0    1034e DriverInfo_Cache
0    10372 UI_DriverInfo_Menu^40
0    104a8 GraphicsOptions_GetInitialVideo^40
0    104d0 GraphicsOptions_CheckConfig^40
0    10540 GraphicsOptions_UpdateMenuItems^40
0    1060c GraphicsOptions_ApplyChanges^40
0    10705 GraphicsOptions_Event^40
0    10786 GraphicsOptions_TQEvent^40
0    10797 GraphicsOptions_MenuDraw
0    107a2 GraphicsOptions_SetMenuItems^40
0    1089a GraphicsOptions_MenuInit
0    10b56 GraphicsOptions_Cache
0    10b77 UI_GraphicsOptionsMenu
0    10b89 AnglesToAxis
0    10bbe AxisClear
0    10bf9 Q_fabs
0    10c09 AngleSubtract
0    10c2e AnglesSubtract
0    10c7c AngleMod
0    10c92 MatrixMultiply
0    10dfb AngleVectors
0    10eed Com_Clamp
0    10f0b COM_StripExtension
0    10f56 COM_Parse
0    10f65 SkipWhitespace^42
0    10fa4 COM_ParseExt
0    11105 Q_isprint
0    1111a Q_islower
0    1112f Q_isupper
0    11144 Q_isalpha
0    11161 Q_strrchr
0    11195 Q_strncpyz
0    111d8 Q_stricmpn
0    11267 Q_stricmp
0    112e8 Q_strupr
0    1130e Q_strcat
0    1133a Q_CleanStr
0    1139b Com_sprintf
0    113ca va
0    113f9 Q_strkey^42
0    11438 Info_ValueForKey
0    11528 Info_NextPair
0    115c0 Info_RemoveKey^42
0    11666 Info_ValidateKeyValue
0    1169f Info_SetValueForKey
0   12e16c _stackStart
0   13e16c _stackEnd
1       30 cvarTable^0
1      350 cvarTableSize^0
1      354 breadcrumbModificationCount^0
1      358 lazyloadModificationCount^0
1      35c bg_itemlist
1     1780 randSeed^2
1     1784 skillNames^3
1     179c teamNames1^3
1     17a4 teamNames2^3
1     17b0 breadcrumbModificationCount^4
1     17b4 lazyloadModificationCount^4
1     17b8 propMap^4
1     1db8 propMapB^4
1     1f68 cinematics^6
1     1fa4 controls_binding_color^9
1     1fb4 g_bindings^9
1     2414 g_configcvars^9
1     2480 g_movement_controls^9
1     24b0 g_weapons_controls^9
1     24e8 g_looking_controls^9
1     2518 g_misc_controls^9
1     2538 g_controls^9
1     25fc dirlevel^11
1     2600 sorttype^11
1     26b0 rate_items^19
1     26e0 playermodel_artlist^21
1     274c handicap_items^23
1     27a0 teamoverlay_names^24
1     27e4 menu_text_color
1     27f4 color_black
1     2804 color_white
1     2814 color_yellow
1     2824 color_orange
1     2834 color_red
1     2844 pulse_color
1     2854 text_color_disabled
1     2864 text_color_normal
1     2874 text_color_highlight
1     2884 listbar_color
1     29d8 serverinfo_artlist^28
1     29ec master_items^29
1     29fc servertype_items^29
1     2a14 sortkey_items^29
1     2a2c netnames^29
1     2a3c punkbuster_items
1     2adc quality_items^31
1     2b0c specifyserver_artlist^33
1     2b28 ui_medalNames
1     2b40 ui_medalPicNames
1     2b58 ui_medalSounds
1     2b70 medalLocations^35
1     2b9c gametype_items^37
1     2bb0 gametype_remap^37
1     2bc0 gametype_remap2^37
1     2be4 dedicated_list^37
1     2bf4 playerType_list^37
1     2c04 playerTeam_list^37
1     2c10 botSkill_list^37
1     2c90 ctfOrders^39
1     2cb0 ctfMessages^39
1     2cd0 teamOrders^39
1     2cec teamMessages^39
1     2d08 driverinfo_artlist^40
1     2d1c s_ivo_templates^40
1     2e94 vec3_origin
1     2ea0 colorBlack
1     2eb0 colorRed
1     2ec0 colorYellow
1     2ed0 colorWhite
1     2ee0 colorMdGrey
1     2ef0 g_color_table
2     2740 dir^11
2     3ab3 quake3worldMessage^29
2     53aa locase
3        0 ui_developer
3      110 ui_lazyLoad
3      220 ui_breadCrumb
3      330 ui_cdkeychecked
3      440 ui_server16
3      550 ui_server15
3      660 ui_server14
3      770 ui_server13
3      880 ui_server12
3      990 ui_server11
3      aa0 ui_server10
3      bb0 ui_server9
3      cc0 ui_server8
3      dd0 ui_server7
3      ee0 ui_server6
3      ff0 ui_server5
3     1100 ui_server4
3     1210 ui_server3
3     1320 ui_server2
3     1430 ui_server1
3     1540 ui_marks
3     1650 ui_drawCrosshairNames
3     1760 ui_drawCrosshair
3     1870 ui_brassTime
3     1980 ui_browserShowEmpty
3     1a90 ui_browserShowFull
3     1ba0 ui_browserSortKey
3     1cb0 ui_browserGameType
3     1dc0 ui_browserMaster
3     1ed0 ui_spSelection
3     1fe0 ui_spSkill
3     20f0 ui_spVideos
3     2200 ui_spAwards
3     2310 ui_spScores5
3     2420 ui_spScores4
3     2530 ui_spScores3
3     2640 ui_spScores2
3     2750 ui_spScores1
3     2860 ui_botsFile
3     2970 ui_arenasFile
3     2a80 ui_ctf_friendly
3     2b90 ui_ctf_timelimit
3     2ca0 ui_ctf_capturelimit
3     2db0 ui_team_friendly
3     2ec0 ui_team_timelimit
3     2fd0 ui_team_fraglimit
3     30e0 ui_tourney_timelimit
3     31f0 ui_tourney_fraglimit
3     3300 ui_ffa_timelimit
3     3410 ui_ffa_fraglimit
3     3520 addBotsMenuInfo^3
3     53ec breadcrumb^4
3     542c uis
3     8104 m_entersound
3     8108 cdkeyMenuInfo^5
3     84e0 cinematicsMenuInfo^6
3     8a5c s_confirm^7
3     8c30 lastLoadingText^8
3     9030 lastConnState^8
3     9054 s_controls^9
3     a430 s_credits^10
3     a554 show_names^11
3    3a554 buffer^11
3    4a554 listpos^11
3    4a754 num_files^11
3    4a758 dptr^11
3    4b758 dentry^11
3    4e758 s_demos^11
3    4fe0c displayOptionsInfo^12
3    50260 outOfMemory^13
3    50264 allocPoint^13
3    50268 memoryPool^13
3    70268 ui_numSpecialSinglePlayerArenas^13
3    7026c ui_numSinglePlayerArenas^13
3    70270 ui_arenaInfos^13
3    71270 ui_numArenas^13
3    71274 ui_botInfos^13
3    72274 ui_numBots
3    72278 s_ingame^14
3    726f0 s_errorMessage^16
3    73814 s_main^16
3    73b9c s_mods^18
3    750f0 networkOptionsInfo^19
3    75570 s_playermodel^21
3    7eac8 jumpHeight^22
3    7eacc dp_realtime^22
3    7ead0 s_playersettings^23
3    7f534 s_preferences^24
3    7fb1c sliderButton_1^25
3    7fb20 sliderButton_0^25
3    7fb24 sliderBar^25
3    7fb28 weaponChangeSound
3    7fb2c menu_null_sound
3    7fb30 menu_buzz_sound
3    7fb34 menu_out_sound
3    7fb38 menu_move_sound
3    7fb3c menu_in_sound
3    7fb40 removeBotsMenuInfo^26
3    811d8 show_info^28
3    83818 itemnames^28
3    83918 s_serverinfo^28
3    840d4 g_fullservers^29
3    840d8 g_emptyservers^29
3    840dc g_sortkey^29
3    840e0 g_gametype^29
3    840e4 g_servertype^29
3    840e8 g_numfavoriteservers^29
3    840ec g_favoriteserverlist^29
3    849ec g_numlocalservers^29
3    849f0 g_localserverlist^29
3    969f0 g_numglobalservers^29
3    969f4 g_globalserverlist^29
3   1029f4 g_arenaservers^29
3   110c44 setupMenuInfo^30
3   111090 soundOptionsInfo^31
3   111550 s_specifyserver^33
3   111ad8 maxTier^34
3   111adc minTier^34
3   111ae0 finalTier^34
3   111ae4 trainingTier^34
3   111ae8 currentGame^34
3   111aec currentSet^34
3   111af0 selectedArena^34
3   111af4 selectedArenaSet^34
3   111af8 levelMenuInfo^34
3   112580 arenainfo^35
3   112980 postgameMenuInfo^35
3   112d4c skillMenuInfo^36
3   113348 botSelectInfo^37
3   115bd4 s_serveroptions^37
3   117528 s_startserver^37
3   118d24 s_teammain^38
3   118fd4 teamOrdersMenuInfo^39
3   119328 s_graphicsoptions^40
3   119ba0 s_ivo^40
3   119bc4 s_driverinfo^40
3   12dd64 com_tokenline^42
3   12dd68 com_lines^42
3   12dd6c com_token^42
